 Terje1_sfun

 Timestamp is 4e54b33c (Wed Aug 24 10:15:56 2011)

 Preferred load address is 0000000180000000

 Start         Length     Name                   Class
 0001:00000000 000390f4H .text                   CODE
 0001:00039100 00000092H .text$x                 CODE
 0002:00000000 00000448H .idata$5                DATA
 0002:00000448 00000008H .CRT$XCA                DATA
 0002:00000450 00000008H .CRT$XCZ                DATA
 0002:00000458 00000008H .CRT$XIA                DATA
 0002:00000460 00000008H .CRT$XIAA               DATA
 0002:00000468 00000008H .CRT$XIZ                DATA
 0002:00000470 00004b1cH .rdata                  DATA
 0002:00004f90 00000008H .rtc$IAA                DATA
 0002:00004f98 00000008H .rtc$IZZ                DATA
 0002:00004fa0 00000008H .rtc$TAA                DATA
 0002:00004fa8 00000008H .rtc$TZZ                DATA
 0002:00004fb0 0000405cH .xdata                  DATA
 0002:0000900c 0000008cH .idata$2                DATA
 0002:00009098 00000014H .idata$3                DATA
 0002:000090b0 00000448H .idata$4                DATA
 0002:000094f8 000009c2H .idata$6                DATA
 0002:00009ec0 00000051H .edata                  DATA
 0003:00000000 00003428H .data                   DATA
 0003:00003440 00002698H .bss                    DATA
 0004:00000000 000030f0H .pdata                  DATA

  Address         Publics by Value              Rva+Base               Lib:Object

 0000:00000000       ___safe_se_handler_count   0000000000000000     <absolute>
 0000:00000000       ___safe_se_handler_table   0000000000000000     <absolute>
 0000:00000000       __ImageBase                0000000180000000     <linker-defined>
 0001:00000000       sf_c2_Terje1_get_eml_resolved_functions_info 0000000180001000 f   c2_Terje1.obj
 0001:00001930       sf_c2_Terje1_get_check_sum 0000000180002930 f   c2_Terje1.obj
 0001:000019b0       sf_c2_Terje1_get_autoinheritance_info 00000001800029b0 f   c2_Terje1.obj
 0001:00002380       sf_internal_get_sim_state_c2_Terje1 0000000180003380 f   c2_Terje1.obj
 0001:00002810       sf_internal_set_sim_state_c2_Terje1 0000000180003810 f   c2_Terje1.obj
 0001:00002ca0       c2_Terje1_method_dispatcher 0000000180003ca0 f   c2_Terje1.obj
 0001:00006d20       sf_process_check_sum_call  0000000180007d20 f   Terje1_sfun_registry.obj
 0001:00006d70       sf_process_autoinheritance_call 0000000180007d70 f   Terje1_sfun_registry.obj
 0001:00006ef0       sf_process_get_eml_resolved_functions_info_call 0000000180007ef0 f   Terje1_sfun_registry.obj
 0001:00007070       sf_mex_unlock_call         0000000180008070 f   Terje1_sfun_registry.obj
 0001:00007120       sf_machine_global_initializer_called 0000000180008120 f   Terje1_sfun_registry.obj
 0001:00007150       sf_machine_global_method_dispatcher 0000000180008150 f   Terje1_sfun_registry.obj
 0001:000071b0       sf_machine_global_terminator 00000001800081b0 f   Terje1_sfun_registry.obj
 0001:000071f0       sf_register_machine_exported_symbols 00000001800081f0 f   Terje1_sfun_registry.obj
 0001:00007210       callCustomFcn              0000000180008210 f   Terje1_sfun_registry.obj
 0001:00007220       sf_machine_global_initializer 0000000180008220 f   Terje1_sfun_registry.obj
 0001:00007290       _ssSetStateAbsTol          0000000180008290 f   Terje1_sfun_registry.obj
 0001:00007370       _ssGetAbsTol               0000000180008370 f   Terje1_sfun_registry.obj
 0001:000073e0       _ssSetInputPortMatrixDimensions 00000001800083e0 f   Terje1_sfun_registry.obj
 0001:000074f0       _ssSetOutputPortMatrixDimensions 00000001800084f0 f   Terje1_sfun_registry.obj
 0001:00007600       _ssSetInputPortVectorDimension 0000000180008600 f   Terje1_sfun_registry.obj
 0001:000076d0       _ssSetOutputPortVectorDimension 00000001800086d0 f   Terje1_sfun_registry.obj
 0001:000077a0       ssIsRunTimeParamTunable    00000001800087a0 f   Terje1_sfun_registry.obj
 0001:00007810       ssGetSFuncBlockHandle      0000000180008810 f   Terje1_sfun_registry.obj
 0001:00007880       _ssGetCurrentInputPortWidth 0000000180008880 f   Terje1_sfun_registry.obj
 0001:000079a0       _ssGetCurrentOutputPortWidth 00000001800089a0 f   Terje1_sfun_registry.obj
 0001:00007ac0       _ssGetCallSystemNumFcnCallDestinations 0000000180008ac0 f   Terje1_sfun_registry.obj
 0001:00007b30       ssWarning                  0000000180008b30 f   Terje1_sfun_registry.obj
 0001:00007c40       ssGetIsZeroCrossControlDisabled 0000000180008c40 f   Terje1_sfun_registry.obj
 0001:00007cb0       ssSetIsInputPortUsedForContZcSignal 0000000180008cb0 f   Terje1_sfun_registry.obj
 0001:00007d20       ssSetZcSignalIsZcElementDisc 0000000180008d20 f   Terje1_sfun_registry.obj
 0001:00007dd0       ssSetZcSignalName          0000000180008dd0 f   Terje1_sfun_registry.obj
 0001:00007e40       ssSetZcSignalWidth         0000000180008e40 f   Terje1_sfun_registry.obj
 0001:00007eb0       ssSetZcSignalZcEventType   0000000180008eb0 f   Terje1_sfun_registry.obj
 0001:00007f20       ssSetZcSignalType          0000000180008f20 f   Terje1_sfun_registry.obj
 0001:00007f90       ssSetZcSignalZcTol         0000000180008f90 f   Terje1_sfun_registry.obj
 0001:00008000       ssSetZcSignalNeedsEventNotification 0000000180009000 f   Terje1_sfun_registry.obj
 0001:00008070       ssCreateAndAddZcSignalInfo 0000000180009070 f   Terje1_sfun_registry.obj
 0001:000080e0       ssCloneAndAddZcSignalInfo  00000001800090e0 f   Terje1_sfun_registry.obj
 0001:00008150       ssGetNumZcSignals          0000000180009150 f   Terje1_sfun_registry.obj
 0001:000081c0       ssGetZcSignalVector        00000001800091c0 f   Terje1_sfun_registry.obj
 0001:00008230       ssGetZcSignalZcEvents      0000000180009230 f   Terje1_sfun_registry.obj
 0001:000082a0       ssGetZcSignalName          00000001800092a0 f   Terje1_sfun_registry.obj
 0001:00008310       ssGetZcSignalWidth         0000000180009310 f   Terje1_sfun_registry.obj
 0001:00008380       ssGetZcSignalZcEventType   0000000180009380 f   Terje1_sfun_registry.obj
 0001:000083f0       ssGetZcSignalType          00000001800093f0 f   Terje1_sfun_registry.obj
 0001:00008460       ssGetZcSignalZcTol         0000000180009460 f   Terje1_sfun_registry.obj
 0001:000084e0       ssGetZcSignalNeedsEventNotification 00000001800094e0 f   Terje1_sfun_registry.obj
 0001:00008550       ssGetZcSignalIsZcElementDisc 0000000180009550 f   Terje1_sfun_registry.obj
 0001:000085f0       ssGetIsInputPortElementContinuous 00000001800095f0 f   Terje1_sfun_registry.obj
 0001:00008690       _ssGetInputPortSignalPtrsFcn 0000000180009690 f   Terje1_sfun_registry.obj
 0001:00008950       _ssGetInputPortSignalFcn   0000000180009950 f   Terje1_sfun_registry.obj
 0001:00008b70       _ssSetInputPortDirectFeedThroughFcn 0000000180009b70 f   Terje1_sfun_registry.obj
 0001:00008cd0       _ssSetInputPortReusableFcn 0000000180009cd0 f   Terje1_sfun_registry.obj
 0001:00008dc0       _ssSetOutputPortReusableFcn 0000000180009dc0 f   Terje1_sfun_registry.obj
 0001:00008ea0       ssGetDTypeIdFromMxArray    0000000180009ea0 f   Terje1_sfun_registry.obj
 0001:00008fc0       ssWriteRTWStr              0000000180009fc0 f   Terje1_sfun_registry.obj
 0001:00009020       ssWriteRTWMxVectParam      000000018000a020 f   Terje1_sfun_registry.obj
 0001:00009080       ssWriteRTWMx2dMatParam     000000018000a080 f   Terje1_sfun_registry.obj
 0001:00009100       ssWriteRTWNameValuePair    000000018000a100 f   Terje1_sfun_registry.obj
 0001:000095f0       ssWriteRTWParameters       000000018000a5f0 f   Terje1_sfun_registry.obj
 0001:00009bf0       ssWriteRTWParamSettings    000000018000abf0 f   Terje1_sfun_registry.obj
 0001:0000a2c0       ssWriteRTWWorkVect         000000018000b2c0 f   Terje1_sfun_registry.obj
 0001:0000a7c0       mexFunction                000000018000b7c0 f   Terje1_sfun_registry.obj
 0001:0000c400       ProcessMexSfunctionEveryCall 000000018000d400 f   Terje1_sfun_registry.obj
 0001:0000c570       Terje1_initializer         000000018000d570 f   Terje1_sfun.obj
 0001:0000c580       Terje1_terminator          000000018000d580 f   Terje1_sfun.obj
 0001:0000c590       sf_Terje1_method_dispatcher 000000018000d590 f   Terje1_sfun.obj
 0001:0000c5e0       sf_Terje1_process_check_sum_call 000000018000d5e0 f   Terje1_sfun.obj
 0001:0000c9f0       sf_Terje1_autoinheritance_info 000000018000d9f0 f   Terje1_sfun.obj
 0001:0000caf0       sf_Terje1_get_eml_resolved_functions_info 000000018000daf0 f   Terje1_sfun.obj
 0001:0000cc20       Terje1_debug_initialize    000000018000dc20 f   Terje1_sfun.obj
 0001:0000cc90       Terje1_register_exported_symbols 000000018000dc90 f   Terje1_sfun.obj
 0001:0000cd40       sf_mex_mx_is_numeric       000000018000dd40 f   sfc_mex:sfc_mex.obj
 0001:0000cd80       strcmp_ignore_ws           000000018000dd80 f   sfc_mex:sfc_mex.obj
 0001:0000cec0       sf_mex_duplicatearraysafe  000000018000dec0 f   sfc_mex:sfc_mex.obj
 0001:0000d020       sf_set_error_debugger_context_message_fcn 000000018000e020 f   sfc_mex:sfc_mex.obj
 0001:0000d030       sf_set_debugger_matlab_error_fcn 000000018000e030 f   sfc_mex:sfc_mex.obj
 0001:0000d060       sf_set_error_prefix_string 000000018000e060 f   sfc_mex:sfc_mex.obj
 0001:0000d090       sf_get_error_prefix_string 000000018000e090 f   sfc_mex:sfc_mex.obj
 0001:0000d0a0       sf_get_current_jmp_buf_ptr 000000018000e0a0 f   sfc_mex:sfc_mex.obj
 0001:0000d0b0       sf_set_current_jmp_buf_ptr 000000018000e0b0 f   sfc_mex:sfc_mex.obj
 0001:0000d0c0       sf_mex_set_halt_simulation 000000018000e0c0 f   sfc_mex:sfc_mex.obj
 0001:0000d0d0       sf_mex_get_halt_simulation 000000018000e0d0 f   sfc_mex:sfc_mex.obj
 0001:0000d0e0       sf_mex_clear_error_message 000000018000e0e0 f   sfc_mex:sfc_mex.obj
 0001:0000d100       sf_mex_get_error_message_for_read 000000018000e100 f   sfc_mex:sfc_mex.obj
 0001:0000d110       sf_mex_get_error_message_buffer_length 000000018000e110 f   sfc_mex:sfc_mex.obj
 0001:0000d1f0       sf_mex_warning_message     000000018000e1f0 f   sfc_mex:sfc_mex.obj
 0001:0000d260       sf_mex_v_errbuf_createf    000000018000e260 f   sfc_mex:sfc_mex.obj
 0001:0000d270       sf_mex_errbuf_createf      000000018000e270 f   sfc_mex:sfc_mex.obj
 0001:0000d2a0       sf_mex_v_errbuf_catf       000000018000e2a0 f   sfc_mex:sfc_mex.obj
 0001:0000d2e0       sf_mex_errbuf_catf         000000018000e2e0 f   sfc_mex:sfc_mex.obj
 0001:0000d330       sf_mex_errbuf_copy         000000018000e330 f   sfc_mex:sfc_mex.obj
 0001:0000d340       sf_mex_errbuf_clear        000000018000e340 f   sfc_mex:sfc_mex.obj
 0001:0000d350       sf_mex_errbuf_isempty      000000018000e350 f   sfc_mex:sfc_mex.obj
 0001:0000d460       sf_mex_set_error_status    000000018000e460 f   sfc_mex:sfc_mex.obj
 0001:0000d4b0       sf_mex_error_direct_call   000000018000e4b0 f   sfc_mex:sfc_mex.obj
 0001:0000d4d0       sf_mex_error_message_no_long_jump 000000018000e4d0 f   sfc_mex:sfc_mex.obj
 0001:0000d4f0       sf_mex_long_jump_on_error  000000018000e4f0 f   sfc_mex:sfc_mex.obj
 0001:0000d520       sf_mex_call_matlab         000000018000e520 f   sfc_mex:sfc_mex.obj
 0001:0000d640       sf_mex_check_builtin       000000018000e640 f   sfc_mex:sfc_mex.obj
 0001:0000d680       sf_mex_check_builtin_vs    000000018000e680 f   sfc_mex:sfc_mex.obj
 0001:0000d6e0       sf_mex_check_enum          000000018000e6e0 f   sfc_mex:sfc_mex.obj
 0001:0000d710       sf_mex_create_enum         000000018000e710 f   sfc_mex:sfc_mex.obj
 0001:0000d730       sf_mex_get_enum_element    000000018000e730 f   sfc_mex:sfc_mex.obj
 0001:0000d740       sf_mex_createcellarray     000000018000e740 f   sfc_mex:sfc_mex.obj
 0001:0000d750       sf_mex_setcell             000000018000e750 f   sfc_mex:sfc_mex.obj
 0001:0000d760       sf_mex_getcell             000000018000e760 f   sfc_mex:sfc_mex.obj
 0001:0000d770       sf_mex_dup                 000000018000e770 f   sfc_mex:sfc_mex.obj
 0001:0000d790       sf_mex_assign              000000018000e790 f   sfc_mex:sfc_mex.obj
 0001:0000d7f0       sf_mex_destroy             000000018000e7f0 f   sfc_mex:sfc_mex.obj
 0001:0000d820       mx_array_has_fi_type       000000018000e820 f   sfc_mex:sfc_mex.obj
 0001:0000d850       sf_mex_convert_from_fi     000000018000e850 f   sfc_mex:sfc_mex.obj
 0001:0000d900       sf_mex_convert_to_double   000000018000e900 f   sfc_mex:sfc_mex.obj
 0001:0000da20       sf_mex_import_fi_vs        000000018000ea20 f   sfc_mex:sfc_mex.obj
 0001:0000dbe0       sf_matrix_matrix_index_ok  000000018000ebe0 f   sfc_mex:sfc_mex.obj
 0001:0000dc70       sf_vector_vector_index_ok  000000018000ec70 f   sfc_mex:sfc_mex.obj
 0001:0000dca0       ssGetCurrentInputPortDimensions_wrapper 000000018000eca0 f   sfc_mex:sfc_mex.obj
 0001:0000dcc0       ssGetCurrentOutputPortDimensions_wrapper 000000018000ecc0 f   sfc_mex:sfc_mex.obj
 0001:0000dce0       sf_mex_emlrt_context_is_debug_mode 000000018000ece0 f   sfc_mex:sfc_mex.obj
 0001:0000dcf0       sf_mex_emlrt_context_set_debug_mode 000000018000ecf0 f   sfc_mex:sfc_mex.obj
 0001:0000dd60       sf_clear_error_manager_info 000000018000ed60 f   sfc_mex:sfc_mex.obj
 0001:0000ddb0       sf_mex_stop_simulation_abruptly_wo_error 000000018000edb0 f   sfc_mex:sfc_mex.obj
 0001:0000ddf0       sf_mex_error_message       000000018000edf0 f   sfc_mex:sfc_mex.obj
 0001:0000de50       sf_react_to_error_in_matlab_call 000000018000ee50 f   sfc_mex:sfc_mex.obj
 0001:0000de80       sf_mex_addfield            000000018000ee80 f   sfc_mex:sfc_mex.obj
 0001:0000df20       sf_mex_getfield            000000018000ef20 f   sfc_mex:sfc_mex.obj
 0001:0000e220       sf_mex_check_class         000000018000f220 f   sfc_mex:sfc_mex.obj
 0001:0000e310       sf_mex_is_real             000000018000f310 f   sfc_mex:sfc_mex.obj
 0001:0000e780       sf_mex_decode_encoded_mx_struct_array 000000018000f780 f   sfc_mex:sfc_mex.obj
 0001:0000ea60       sf_mex_lw_bounds_check     000000018000fa60 f   sfc_mex:sfc_mex.obj
 0001:0000ea90       sf_mex_lw_size_eq_check_1d 000000018000fa90 f   sfc_mex:sfc_mex.obj
 0001:0000eab0       sf_mex_lw_size_eq_check_nd 000000018000fab0 f   sfc_mex:sfc_mex.obj
 0001:0000ec90       sf_mex_lw_dim_size_eq_check 000000018000fc90 f   sfc_mex:sfc_mex.obj
 0001:0000ecc0       sf_mex_lw_dim_size_geq_check 000000018000fcc0 f   sfc_mex:sfc_mex.obj
 0001:0000ecf0       sf_mex_lw_sub_assign_size_check_nd 000000018000fcf0 f   sfc_mex:sfc_mex.obj
 0001:0000ef20       sf_mex_lw_runtime_error_msgid 000000018000ff20 f   sfc_mex:sfc_mex.obj
 0001:0000f010       sf_mex_lw_matrix_matrix_index_check 0000000180010010 f   sfc_mex:sfc_mex.obj
 0001:0000f030       sf_mex_lw_vector_vector_index_check 0000000180010030 f   sfc_mex:sfc_mex.obj
 0001:0000f070       sf_mex_lw_non_negative_check 0000000180010070 f   sfc_mex:sfc_mex.obj
 0001:0000f0b0       sf_mex_overflow_error      00000001800100b0 f   sfc_mex:sfc_mex.obj
 0001:0000f0c0       sf_mex_dividebyzero_error  00000001800100c0 f   sfc_mex:sfc_mex.obj
 0001:0000f0d0       sf_mex_unsafe_enum_error   00000001800100d0 f   sfc_mex:sfc_mex.obj
 0001:0000f0e0       sf_emlrtErrHandler         00000001800100e0 f   sfc_mex:sfc_mex.obj
 0001:0000f1a0       sf_mex_printf              00000001800101a0 f   sfc_mex:sfc_mex.obj
 0001:0000f330       sf_mex_check_size          0000000180010330 f   sfc_mex:sfc_mex.obj
 0001:0000f600       sf_mex_check_struct        0000000180010600 f   sfc_mex:sfc_mex.obj
 0001:0000f860       sf_mex_check_struct_vs     0000000180010860 f   sfc_mex:sfc_mex.obj
 0001:0000f8f0       sf_mex_check_fi            00000001800108f0 f   sfc_mex:sfc_mex.obj
 0001:0000f9f0       sf_mex_check_fi_vs         00000001800109f0 f   sfc_mex:sfc_mex.obj
 0001:0000fa90       sf_echo_expression         0000000180010a90 f   sfc_mex:sfc_mex.obj
 0001:0000faf0       sf_assertion_failed        0000000180010af0 f   sfc_mex:sfc_mex.obj
 0001:0000fdd0       sf_mex_evalin              0000000180010dd0 f   sfc_mex:sfc_mex.obj
 0001:00010040       sf_mex_export              0000000180011040 f   sfc_mex:sfc_mex.obj
 0001:00010100       sf_mex_get_ml_var_no_error 0000000180011100 f   sfc_mex:sfc_mex.obj
 0001:000102a0       sf_mex_get_ml_var          00000001800112a0 f   sfc_mex:sfc_mex.obj
 0001:00010740       ml_set_element_value_in_array 0000000180011740 f   sfc_mex:sfc_mex.obj
 0001:00011e10       sf_mex_call_impl           0000000180012e10 f   sfc_mex:sfc_mex.obj
 0001:00012340       sf_mex_call_debug          0000000180013340 f   sfc_mex:sfc_mex.obj
 0001:00012370       sf_mex_call                0000000180013370 f   sfc_mex:sfc_mex.obj
 0001:000129c0       sf_mex_createstruct        00000001800139c0 f   sfc_mex:sfc_mex.obj
 0001:00012ab0       sf_mex_createstructarray   0000000180013ab0 f   sfc_mex:sfc_mex.obj
 0001:00012b30       sf_mex_get_mx_datatype_from_sf_datatype 0000000180013b30 f   sfc_mex:sfc_mex.obj
 0001:00012e40       sf_mex_ml_var_sub          0000000180013e40 f   sfc_mex:sfc_mex.obj
 0001:00013010       sf_mex_ml_var_subsasgn     0000000180014010 f   sfc_mex:sfc_mex.obj
 0001:00013400       sf_mex_sub                 0000000180014400 f   sfc_mex:sfc_mex.obj
 0001:00013600       sf_mex_subsasgn            0000000180014600 f   sfc_mex:sfc_mex.obj
 0001:00013ae0       sf_mex_create              0000000180014ae0 f   sfc_mex:sfc_mex.obj
 0001:00014530       sf_mex_import_named        0000000180015530 f   sfc_mex:sfc_mex.obj
 0001:00014590       sf_mex_import              0000000180015590 f   sfc_mex:sfc_mex.obj
 0001:000145e0       sf_mex_import_vs           00000001800155e0 f   sfc_mex:sfc_mex.obj
 0001:000146f0       sf_mex_lower_fixpt_mx_array 00000001800156f0 f   sfc_mex:sfc_mex.obj
 0001:00014ce0       sim_mode_is_rtw_gen        0000000180015ce0 f   sfc_mex:sfc_sf.obj
 0001:00014d10       sim_mode_is_external       0000000180015d10 f   sfc_mex:sfc_sf.obj
 0001:00014d20       sim_mode_is_modelref_sim   0000000180015d20 f   sfc_mex:sfc_sf.obj
 0001:00014d40       mdlInitializeSizes         0000000180015d40 f   sfc_mex:sfc_sf.obj
 0001:00014d60       mdlInitializeSampleTimes   0000000180015d60 f   sfc_mex:sfc_sf.obj
 0001:00014da0       mdlZeroCrossings           0000000180015da0 f   sfc_mex:sfc_sf.obj
 0001:00014e80       mdlDerivatives             0000000180015e80 f   sfc_mex:sfc_sf.obj
 0001:00014f30       mdl_initialize_conditions_processing 0000000180015f30 f   sfc_mex:sfc_sf.obj
 0001:00014f60       mdlInitializeConditions    0000000180015f60 f   sfc_mex:sfc_sf.obj
 0001:00015020       mdlGetSimState             0000000180016020 f   sfc_mex:sfc_sf.obj
 0001:00015030       mdlSetSimState             0000000180016030 f   sfc_mex:sfc_sf.obj
 0001:00015040       mdl_ext_mode_exec_processing 0000000180016040 f   sfc_mex:sfc_sf.obj
 0001:00015060       mdlExtModeExec             0000000180016060 f   sfc_mex:sfc_sf.obj
 0001:000151f0       mdlTerminate               00000001800161f0 f   sfc_mex:sfc_sf.obj
 0001:00015260       mdlRTW                     0000000180016260 f   sfc_mex:sfc_sf.obj
 0001:00015290       mdlSetWorkWidths           0000000180016290 f   sfc_mex:sfc_sf.obj
 0001:000152a0       mdlProcessParameters       00000001800162a0 f   sfc_mex:sfc_sf.obj
 0001:000152b0       mdl_start_processing       00000001800162b0 f   sfc_mex:sfc_sf.obj
 0001:000152f0       mdlStart                   00000001800162f0 f   sfc_mex:sfc_sf.obj
 0001:000153e0       mdlEnable                  00000001800163e0 f   sfc_mex:sfc_sf.obj
 0001:000154b0       mdlDisable                 00000001800164b0 f   sfc_mex:sfc_sf.obj
 0001:00015560       sf_get_chart_instance_ptr  0000000180016560 f   sfc_mex:sfc_sf.obj
 0001:00015580       sf_rtw_info_uint_prop      0000000180016580 f   sfc_mex:sfc_sf.obj
 0001:000156f0       sf_is_chart_inlinable      00000001800166f0 f   sfc_mex:sfc_sf.obj
 0001:00015710       sf_mark_output_events_with_multiple_callers 0000000180016710 f   sfc_mex:sfc_sf.obj
 0001:000158d0       sf_mark_chart_reusable_outputs 00000001800168d0 f   sfc_mex:sfc_sf.obj
 0001:00015b50       sf_mark_chart_expressionable_inputs 0000000180016b50 f   sfc_mex:sfc_sf.obj
 0001:00015eb0       sf_get_subchart_simstruct  0000000180016eb0 f   sfc_mex:sfc_sf.obj
 0001:00015f00       sf_write_symbol_mapping    0000000180016f00 f   sfc_mex:sfc_sf.obj
 0001:00016150       sf_get_fixpt_data_type_id  0000000180017150 f   sfc_mex:sfc_sf.obj
 0001:00016190       sf_get_enum_data_type_id   0000000180017190 f   sfc_mex:sfc_sf.obj
 0001:000161d0       sf_get_param_data_type_id  00000001800171d0 f   sfc_mex:sfc_sf.obj
 0001:00016200       sf_mex_listen_for_ctrl_c_force 0000000180017200 f   sfc_mex:sfc_sf.obj
 0001:00016310       sf_mex_draw_now            0000000180017310 f   sfc_mex:sfc_sf.obj
 0001:00016350       sf_mex_set_debugger_sim_status_listener_fcn 0000000180017350 f   sfc_mex:sfc_sf.obj
 0001:00016360       sf_mex_listen_for_ctrl_c   0000000180017360 f   sfc_mex:sfc_sf.obj
 0001:000163f0       sf_mex_get_sfun_param      00000001800173f0 f   sfc_mex:sfc_sf.obj
 0001:00016440       sf_get_runtime_param_data  0000000180017440 f   sfc_mex:sfc_sf.obj
 0001:00016480       sf_call_output_fcn_call    0000000180017480 f   sfc_mex:sfc_sf.obj
 0001:000165c0       sf_call_output_fcn_enable  00000001800175c0 f   sfc_mex:sfc_sf.obj
 0001:00016650       sf_call_output_fcn_disable 0000000180017650 f   sfc_mex:sfc_sf.obj
 0001:000166e0       sf_clear_rtw_identifier    00000001800176e0 f   sfc_mex:sfc_sf.obj
 0001:00016ed0       sf_set_encoded_dwork_info  0000000180017ed0 f   sfc_mex:sfc_sf.obj
 0001:00016f20       sf_get_dwork_info_from_mat_file 0000000180017f20 f   sfc_mex:sfc_sf.obj
 0001:00017110       sf_set_rtw_dwork_info      0000000180018110 f   sfc_mex:sfc_sf.obj
 0001:00017280       mdlOutputs                 0000000180018280 f   sfc_mex:sfc_sf.obj
 0001:00017420       sf_debug_disp              0000000180018420 f   sfc_debug:sfcdebug.obj
 0001:00017680       sf_debug_data_runtime_size_mismatch_error_check 0000000180018680 f   sfc_debug:sfcdebug.obj
 0001:00017720       sf_debug_try_loading_machine 0000000180018720 f   sfc_debug:sfcdebug.obj
 0001:00017820       sf_debug_reset_current_state_configuration 0000000180018820 f   sfc_debug:sfcdebug.obj
 0001:000178b0       sf_debug_store_current_state_configuration 00000001800188b0 f   sfc_debug:sfcdebug.obj
 0001:00017940       sf_debug_restore_previous_state_configuration 0000000180018940 f   sfc_debug:sfcdebug.obj
 0001:000179d0       sf_debug_restore_previous_state_configuration2 00000001800189d0 f   sfc_debug:sfcdebug.obj
 0001:00017a60       sf_debug_get_event_scope   0000000180018a60 f   sfc_debug:sfcdebug.obj
 0001:00017bd0       use_debugger_step_animation 0000000180018bd0 f   sfc_debug:sfcdebug.obj
 0001:00017bf0       sf_debug_get_script_id     0000000180018bf0 f   sfc_debug:sfcdebug.obj
 0001:00017c80       sf_debug_set_script_translation 0000000180018c80 f   sfc_debug:sfcdebug.obj
 0001:00017d40       sf_debug_get_current_machine_id 0000000180018d40 f   sfc_debug:sfcdebug.obj
 0001:00017d60       sf_debug_get_current_optional_integer 0000000180018d60 f   sfc_debug:sfcdebug.obj
 0001:00017d70       sf_debug_get_current_machine_number 0000000180018d70 f   sfc_debug:sfcdebug.obj
 0001:00017d90       sf_debug_get_current_machine_name 0000000180018d90 f   sfc_debug:sfcdebug.obj
 0001:00017db0       sf_debug_get_current_chart_id 0000000180018db0 f   sfc_debug:sfcdebug.obj
 0001:00017e00       sf_debug_get_current_chart_number 0000000180018e00 f   sfc_debug:sfcdebug.obj
 0001:00017e10       sf_debug_get_current_instance_number 0000000180018e10 f   sfc_debug:sfcdebug.obj
 0001:00017e20       sf_debug_get_current_is_minor_time_step 0000000180018e20 f   sfc_debug:sfcdebug.obj
 0001:00017ea0       sf_debug_get_current_object_type 0000000180018ea0 f   sfc_debug:sfcdebug.obj
 0001:00017eb0       sf_debug_get_current_instance_handle 0000000180018eb0 f   sfc_debug:sfcdebug.obj
 0001:00017f10       sf_debug_get_current_event_type 0000000180018f10 f   sfc_debug:sfcdebug.obj
 0001:00017f20       sf_debug_get_current_object_id 0000000180018f20 f   sfc_debug:sfcdebug.obj
 0001:00017f60       sf_debug_get_current_active_event_type 0000000180018f60 f   sfc_debug:sfcdebug.obj
 0001:00017f70       sf_debug_get_current_active_event_id 0000000180018f70 f   sfc_debug:sfcdebug.obj
 0001:00017fb0       sf_debug_get_current_tag_type 0000000180018fb0 f   sfc_debug:sfcdebug.obj
 0001:00017fc0       sf_debug_get_current_simulation_time 0000000180018fc0 f   sfc_debug:sfcdebug.obj
 0001:00017fd0       sf_debug_get_current_coverage_percentage 0000000180018fd0 f   sfc_debug:sfcdebug.obj
 0001:00017fe0       sf_debug_current_statement_context 0000000180018fe0 f   sfc_debug:sfcdebug.obj
 0001:00018070       sf_debug_get_current_statement_info 0000000180019070 f   sfc_debug:sfcdebug.obj
 0001:000181f0       sf_debug_terminate_instance 00000001800191f0 f   sfc_debug:sfcdebug.obj
 0001:00018500       sf_debug_assertion_failed  0000000180019500 f   sfc_debug:sfcdebug.obj
 0001:000186b0       sf_debug_set_number_of_data_with_change_event_for_machine 00000001800196b0 f   sfc_debug:sfcdebug.obj
 0001:000186f0       sf_debug_set_machine_event_thresholds 00000001800196f0 f   sfc_debug:sfcdebug.obj
 0001:00018710       sf_debug_set_machine_event_scope 0000000180019710 f   sfc_debug:sfcdebug.obj
 0001:00018750       sf_debug_set_machine_data_thresholds 0000000180019750 f   sfc_debug:sfcdebug.obj
 0001:00018790       sf_debug_set_machine_data_scope 0000000180019790 f   sfc_debug:sfcdebug.obj
 0001:00018820       sf_debug_set_machine_data_name 0000000180019820 f   sfc_debug:sfcdebug.obj
 0001:000188c0       sf_debug_set_machine_data_size 00000001800198c0 f   sfc_debug:sfcdebug.obj
 0001:00018a00       sf_debug_set_machine_data_type 0000000180019a00 f   sfc_debug:sfcdebug.obj
 0001:00018b70       sf_debug_get_chart_data_number 0000000180019b70 f   sfc_debug:sfcdebug.obj
 0001:00018b90       sf_debug_get_chart_event_number 0000000180019b90 f   sfc_debug:sfcdebug.obj
 0001:00018bb0       sf_debug_set_chart_state_info 0000000180019bb0 f   sfc_debug:sfcdebug.obj
 0001:00018c30       sf_debug_set_chart_decomposition 0000000180019c30 f   sfc_debug:sfcdebug.obj
 0001:00018ca0       sf_debug_set_chart_substate_count 0000000180019ca0 f   sfc_debug:sfcdebug.obj
 0001:00018d80       sf_debug_set_chart_substate_index 0000000180019d80 f   sfc_debug:sfcdebug.obj
 0001:00018df0       sf_debug_set_chart_state_substate_count 0000000180019df0 f   sfc_debug:sfcdebug.obj
 0001:00018f00       sf_debug_set_chart_state_substate_index 0000000180019f00 f   sfc_debug:sfcdebug.obj
 0001:00018f80       sf_debug_set_number_of_data_with_change_event_for_chart 0000000180019f80 f   sfc_debug:sfcdebug.obj
 0001:00019000       sf_debug_set_number_of_states_with_entry_event_for_chart 000000018001a000 f   sfc_debug:sfcdebug.obj
 0001:00019070       sf_debug_set_number_of_states_with_exit_event_for_chart 000000018001a070 f   sfc_debug:sfcdebug.obj
 0001:000190e0       sf_debug_set_chart_disable_implicit_casting 000000018001a0e0 f   sfc_debug:sfcdebug.obj
 0001:00019150       sf_debug_set_chart_event_thresholds 000000018001a150 f   sfc_debug:sfcdebug.obj
 0001:000191c0       sf_debug_set_chart_data_compiled_props 000000018001a1c0 f   sfc_debug:sfcdebug.obj
 0001:00019510       sf_debug_set_chart_data_props 000000018001a510 f   sfc_debug:sfcdebug.obj
 0001:00019830       sf_debug_check_fi_license  000000018001a830 f   sfc_debug:sfcdebug.obj
 0001:00019a20       sf_debug_symbol_scope_push 000000018001aa20 f   sfc_debug:sfcdebug.obj
 0001:00019a60       sf_debug_symbol_scope_push_eml 000000018001aa60 f   sfc_debug:sfcdebug.obj
 0001:00019ab0       sf_debug_symbol_scope_pop  000000018001aab0 f   sfc_debug:sfcdebug.obj
 0001:00019af0       sf_debug_symbol_scope_add_importable 000000018001aaf0 f   sfc_debug:sfcdebug.obj
 0001:00019b70       sf_debug_symbol_scope_add  000000018001ab70 f   sfc_debug:sfcdebug.obj
 0001:00019bf0       sf_debug_symbol_scope_add_dyn_importable 000000018001abf0 f   sfc_debug:sfcdebug.obj
 0001:00019cb0       sf_debug_symbol_scope_add_dyn 000000018001acb0 f   sfc_debug:sfcdebug.obj
 0001:00019ce0       sf_debug_symbol_scope_add_eml_importable 000000018001ace0 f   sfc_debug:sfcdebug.obj
 0001:00019d20       sf_debug_symbol_scope_add_eml 000000018001ad20 f   sfc_debug:sfcdebug.obj
 0001:00019d60       sf_debug_symbol_scope_add_eml_dyn_importable 000000018001ad60 f   sfc_debug:sfcdebug.obj
 0001:00019dd0       sf_debug_symbol_scope_add_eml_dyn 000000018001add0 f   sfc_debug:sfcdebug.obj
 0001:00019e30       sf_debug_symbol_switch     000000018001ae30 f   sfc_debug:sfcdebug.obj
 0001:00019e50       sf_debug_symbol_scope_add_verbose 000000018001ae50 f   sfc_debug:sfcdebug.obj
 0001:00019f20       sf_debug_set_machine_data_value_ptr 000000018001af20 f   sfc_debug:sfcdebug.obj
 0001:00019f60       sf_debug_set_instance_data_value_ptr 000000018001af60 f   sfc_debug:sfcdebug.obj
 0001:0001a020       sf_debug_unset_instance_data_value_ptr 000000018001b020 f   sfc_debug:sfcdebug.obj
 0001:0001a0d0       sf_debug_set_chart_event_scope 000000018001b0d0 f   sfc_debug:sfcdebug.obj
 0001:0001a150       sf_debug_set_chart_transition_coverage_maps 000000018001b150 f   sfc_debug:sfcdebug.obj
 0001:0001a260       sf_debug_set_chart_state_coverage_maps 000000018001b260 f   sfc_debug:sfcdebug.obj
 0001:0001a340       sf_debug_set_instance_transition_coverage_weights 000000018001b340 f   sfc_debug:sfcdebug.obj
 0001:0001a3e0       sf_debug_set_instance_state_coverage_weights 000000018001b3e0 f   sfc_debug:sfcdebug.obj
 0001:0001a630       sf_debug_unload_machine    000000018001b630 f   sfc_debug:sfcdebug.obj
 0001:0001a680       sf_debug_load_machine      000000018001b680 f   sfc_debug:sfcdebug.obj
 0001:0001a780       sf_debug_set_active_instance_in_data_dictionary 000000018001b780 f   sfc_debug:sfcdebug.obj
 0001:0001a960       sf_debug_set_active_instance 000000018001b960 f   sfc_debug:sfcdebug.obj
 0001:0001aaa0       sf_debug_chart_visiblity_change 000000018001baa0 f   sfc_debug:sfcdebug.obj
 0001:0001ab80       sf_debug_select_chart      000000018001bb80 f   sfc_debug:sfcdebug.obj
 0001:0001ac50       sf_debug_set_instance_cv_ids 000000018001bc50 f   sfc_debug:sfcdebug.obj
 0001:0001af60       sf_debug_select_charts     000000018001bf60 f   sfc_debug:sfcdebug.obj
 0001:0001b0a0       sf_debug_initialized       000000018001c0a0 f   sfc_debug:sfcdebug.obj
 0001:0001b0b0       sf_debug_is_uninterruptible 000000018001c0b0 f   sfc_debug:sfcdebug.obj
 0001:0001b0e0       sf_debug_initialize_debugger_gui 000000018001c0e0 f   sfc_debug:sfcdebug.obj
 0001:0001b4d0       sf_debug_resume            000000018001c4d0 f   sfc_debug:sfcdebug.obj
 0001:0001b4f0       sf_debug_go                000000018001c4f0 f   sfc_debug:sfcdebug.obj
 0001:0001b500       sf_debug_break             000000018001c500 f   sfc_debug:sfcdebug.obj
 0001:0001b510       sf_debug_step_over         000000018001c510 f   sfc_debug:sfcdebug.obj
 0001:0001b520       sf_debug_step_out          000000018001c520 f   sfc_debug:sfcdebug.obj
 0001:0001b530       sf_debug_set_disable_all_breakpoints 000000018001c530 f   sfc_debug:sfcdebug.obj
 0001:0001b540       sf_debug_disable_all_breakpoints_and_go 000000018001c540 f   sfc_debug:sfcdebug.obj
 0001:0001b550       sf_debug_break_on_chart_entry 000000018001c550 f   sfc_debug:sfcdebug.obj
 0001:0001b560       sf_debug_break_on_event_broadcast 000000018001c560 f   sfc_debug:sfcdebug.obj
 0001:0001b570       sf_debug_break_on_state_entry 000000018001c570 f   sfc_debug:sfcdebug.obj
 0001:0001b580       sf_debug_break_between_times 000000018001c580 f   sfc_debug:sfcdebug.obj
 0001:0001b5a0       sf_debug_browse_data       000000018001c5a0 f   sfc_debug:sfcdebug.obj
 0001:0001b5c0       sf_debug_watch_data        000000018001c5c0 f   sfc_debug:sfcdebug.obj
 0001:0001b5e0       sf_debug_assign_data       000000018001c5e0 f   sfc_debug:sfcdebug.obj
 0001:0001b600       sf_debug_whos              000000018001c600 f   sfc_debug:sfcdebug.obj
 0001:0001b620       sf_debug_get_consistency_info 000000018001c620 f   sfc_debug:sfcdebug.obj
 0001:0001b630       sf_debug_browse_trace      000000018001c630 f   sfc_debug:sfcdebug.obj
 0001:0001b640       sf_debug_set_breakpoints   000000018001c640 f   sfc_debug:sfcdebug.obj
 0001:0001b7a0       sf_debug_set_eml_breakpoints 000000018001c7a0 f   sfc_debug:sfcdebug.obj
 0001:0001b900       sf_debug_set_script_breakpoints 000000018001c900 f   sfc_debug:sfcdebug.obj
 0001:0001b980       sf_debug_add_script_breakpoints 000000018001c980 f   sfc_debug:sfcdebug.obj
 0001:0001b9f0       sf_debug_clear_script_breakpoints 000000018001c9f0 f   sfc_debug:sfcdebug.obj
 0001:0001ba60       sf_debug_query_script_breakpoints 000000018001ca60 f   sfc_debug:sfcdebug.obj
 0001:0001bb20       sf_debug_get_eml_script_id 000000018001cb20 f   sfc_debug:sfcdebug.obj
 0001:0001bb70       sf_debug_set_watch         000000018001cb70 f   sfc_debug:sfcdebug.obj
 0001:0001bda0       sf_debug_get_coverage      000000018001cda0 f   sfc_debug:sfcdebug.obj
 0001:0001bdb0       sf_debug_get_instance_handle 000000018001cdb0 f   sfc_debug:sfcdebug.obj
 0001:0001be40       sf_debug_get_active_states 000000018001ce40 f   sfc_debug:sfcdebug.obj
 0001:0001be50       sf_debug_get_animation     000000018001ce50 f   sfc_debug:sfcdebug.obj
 0001:0001be60       sf_debug_set_animation     000000018001ce60 f   sfc_debug:sfcdebug.obj
 0001:0001be70       sf_debug_animate           000000018001ce70 f   sfc_debug:sfcdebug.obj
 0001:0001bea0       sf_debug_cycle_detection_check 000000018001cea0 f   sfc_debug:sfcdebug.obj
 0001:0001beb0       sf_debug_data_range_check  000000018001ceb0 f   sfc_debug:sfcdebug.obj
 0001:0001bec0       sf_debug_transition_conflict_check 000000018001cec0 f   sfc_debug:sfcdebug.obj
 0001:0001bed0       sf_debug_state_consistency_check 000000018001ced0 f   sfc_debug:sfcdebug.obj
 0001:0001bee0       sf_debug_data_range_check_enabled 000000018001cee0 f   sfc_debug:sfcdebug.obj
 0001:0001bf00       sf_debug_transition_conflict_check_enabled 000000018001cf00 f   sfc_debug:sfcdebug.obj
 0001:0001bf20       sf_debug_transition_conflict_check_begin 000000018001cf20 f   sfc_debug:sfcdebug.obj
 0001:0001bf40       sf_debug_transition_conflict_check_end 000000018001cf40 f   sfc_debug:sfcdebug.obj
 0001:0001bf60       sf_debug_stop_debugging    000000018001cf60 f   sfc_debug:sfcdebug.obj
 0001:0001bf90       sf_debug_is_cycle_detected 000000018001cf90 f   sfc_debug:sfcdebug.obj
 0001:0001bfa0       sf_debug_is_array_bounds_detected 000000018001cfa0 f   sfc_debug:sfcdebug.obj
 0001:0001bfb0       sf_debug_get_state_vectors_data_size 000000018001cfb0 f   sfc_debug:sfcdebug.obj
 0001:0001bff0       sf_debug_get_state_vectors_data 000000018001cff0 f   sfc_debug:sfcdebug.obj
 0001:0001c0f0       sf_debug_set_state_vectors_data 000000018001d0f0 f   sfc_debug:sfcdebug.obj
 0001:0001c3b0       sf_debug_get_script_index  000000018001d3b0 f   sfc_debug:sfcdebug.obj
 0001:0001c540       sf_debug_add_script        000000018001d540 f   sfc_debug:sfcdebug.obj
 0001:0001c6d0       cv_eval_point              000000018001d6d0 f   sfc_debug:sfcdebug.obj
 0001:0001c840       sf_debug_cv_init_state     000000018001d840 f   sfc_debug:sfcdebug.obj
 0001:0001c960       sf_debug_cv_init_chart     000000018001d960 f   sfc_debug:sfcdebug.obj
 0001:0001ca40       sf_debug_cv_init_trans     000000018001da40 f   sfc_debug:sfcdebug.obj
 0001:0001cbb0       cv_eml_init_script         000000018001dbb0 f   sfc_debug:sfcdebug.obj
 0001:0001cc90       cv_eml_init_fcn            000000018001dc90 f   sfc_debug:sfcdebug.obj
 0001:0001cd40       cv_eml_init_testobjective  000000018001dd40 f   sfc_debug:sfcdebug.obj
 0001:0001cdf0       cv_eml_init_if             000000018001ddf0 f   sfc_debug:sfcdebug.obj
 0001:0001cea0       cv_eml_init_for            000000018001dea0 f   sfc_debug:sfcdebug.obj
 0001:0001cf50       cv_eml_init_while          000000018001df50 f   sfc_debug:sfcdebug.obj
 0001:0001d000       cv_eml_init_mcdc           000000018001e000 f   sfc_debug:sfcdebug.obj
 0001:0001d100       cv_eml_init_switch         000000018001e100 f   sfc_debug:sfcdebug.obj
 0001:0001d1e0       cv_eml_eval                000000018001e1e0 f   sfc_debug:sfcdebug.obj
 0001:0001d2c0       sf_debug_bm_is_a_eml_breakpoint 000000018001e2c0 f   sfc_debug:sfcdebug.obj
 0001:0001d410       sf_debug_temporal_threshold 000000018001e410 f   sfc_debug:sfcdebug.obj
 0001:0001d770       sf_debug_transition_conflict_error 000000018001e770 f   sfc_debug:sfcdebug.obj
 0001:0001daf0       sf_debug_state_inconsistency_error 000000018001eaf0 f   sfc_debug:sfcdebug.obj
 0001:0001dc10       sf_debug_check_for_state_inconsistency 000000018001ec10 f   sfc_debug:sfcdebug.obj
 0001:0001dc40       sf_debug_cycle_detecton_error 000000018001ec40 f   sfc_debug:sfcdebug.obj
 0001:0001e430       sf_debug_size_eq_check_1d  000000018001f430 f   sfc_debug:sfcdebug.obj
 0001:0001e450       sf_debug_size_eq_check_nd  000000018001f450 f   sfc_debug:sfcdebug.obj
 0001:0001e630       sf_debug_dim_size_eq_check 000000018001f630 f   sfc_debug:sfcdebug.obj
 0001:0001e660       sf_debug_dim_size_geq_check 000000018001f660 f   sfc_debug:sfcdebug.obj
 0001:0001e690       sf_debug_sub_assign_size_check_nd 000000018001f690 f   sfc_debug:sfcdebug.obj
 0001:0001e8d0       sf_debug_matrix_matrix_index_check 000000018001f8d0 f   sfc_debug:sfcdebug.obj
 0001:0001e900       sf_debug_vector_vector_index_check 000000018001f900 f   sfc_debug:sfcdebug.obj
 0001:0001e930       sf_debug_runtime_error_msgid 000000018001f930 f   sfc_debug:sfcdebug.obj
 0001:0001e9c0       sf_debug_data_array_bounds_error_check 000000018001f9c0 f   sfc_debug:sfcdebug.obj
 0001:0001ead0       sf_debug_eml_data_array_bounds_error_check 000000018001fad0 f   sfc_debug:sfcdebug.obj
 0001:0001efb0       sf_debug_integer_check     000000018001ffb0 f   sfc_debug:sfcdebug.obj
 0001:0001f090       sf_debug_not_nan_check     0000000180020090 f   sfc_debug:sfcdebug.obj
 0001:0001f150       sf_debug_non_negative_check 0000000180020150 f   sfc_debug:sfcdebug.obj
 0001:0001f210       sf_debug_overflow_detection 0000000180020210 f   sfc_debug:sfcdebug.obj
 0001:0001f900       sf_debug_cast_to_real32_T  0000000180020900 f   sfc_debug:sfcdebug.obj
 0001:0001f9c0       sf_debug_cast_to_int8_T    00000001800209c0 f   sfc_debug:sfcdebug.obj
 0001:0001fa80       sf_debug_cast_to_uint8_T   0000000180020a80 f   sfc_debug:sfcdebug.obj
 0001:0001fb40       sf_debug_cast_to_int16_T   0000000180020b40 f   sfc_debug:sfcdebug.obj
 0001:0001fc00       sf_debug_cast_to_uint16_T  0000000180020c00 f   sfc_debug:sfcdebug.obj
 0001:0001fcc0       sf_debug_cast_to_int32_T   0000000180020cc0 f   sfc_debug:sfcdebug.obj
 0001:0001fd80       sf_debug_cast_to_uint32_T  0000000180020d80 f   sfc_debug:sfcdebug.obj
 0001:0001fe40       sf_debug_data_range_error  0000000180020e40 f   sfc_debug:sfcdebug.obj
 0001:000202c0       sf_debug_data_range_error_wrapper_min_max 00000001800212c0 f   sfc_debug:sfcdebug.obj
 0001:000203b0       sf_debug_data_range_error_wrapper_min 00000001800213b0 f   sfc_debug:sfcdebug.obj
 0001:00020490       sf_debug_data_range_error_wrapper_max 0000000180021490 f   sfc_debug:sfcdebug.obj
 0001:00020570       sf_debug_data_range_wrapper 0000000180021570 f   sfc_debug:sfcdebug.obj
 0001:00020620       sf_debug_set_current_status_info 0000000180021620 f   sfc_debug:sfcdebug.obj
 0001:000209d0       sf_debug_call              00000001800219d0 f   sfc_debug:sfcdebug.obj
 0001:00021890       sf_debug_initialize_machine 0000000180022890 f   sfc_debug:sfcdebug.obj
 0001:00021ba0       sf_debug_initialize_chart  0000000180022ba0 f   sfc_debug:sfcdebug.obj
 0001:00022080       sf_debug_ensure_script     0000000180023080 f   sfc_debug:sfcdebug.obj
 0001:00022140       cv_script_init_script      0000000180023140 f   sfc_debug:sfcdebug.obj
 0001:00022220       cv_script_init_fcn         0000000180023220 f   sfc_debug:sfcdebug.obj
 0001:000222d0       cv_script_init_testobjective 00000001800232d0 f   sfc_debug:sfcdebug.obj
 0001:00022380       cv_script_init_if          0000000180023380 f   sfc_debug:sfcdebug.obj
 0001:00022430       cv_script_init_for         0000000180023430 f   sfc_debug:sfcdebug.obj
 0001:000224e0       cv_script_init_while       00000001800234e0 f   sfc_debug:sfcdebug.obj
 0001:00022590       cv_script_init_mcdc        0000000180023590 f   sfc_debug:sfcdebug.obj
 0001:00022690       cv_script_init_switch      0000000180023690 f   sfc_debug:sfcdebug.obj
 0001:00022770       cv_script_eval             0000000180023770 f   sfc_debug:sfcdebug.obj
 0001:00022850       eml_debug_line_call        0000000180023850 f   sfc_debug:sfcdebug.obj
 0001:00022a00       sf_debug_terminate         0000000180023a00 f   sfc_debug:sfcdebug.obj
 0001:00022b70       sf_debug_set_script_cv_ids 0000000180023b70 f   sfc_debug:sfcdebug.obj
 0001:00022d40       sf_debug_api               0000000180023d40 f   sfc_debug:sfc_api.obj
 0001:00024570       sf_debug_sm_terminate      0000000180025570 f   sfc_debug:sfdb_animation.obj
 0001:00024730       sf_debug_reset_path_objects 0000000180025730 f   sfc_debug:sfdb_animation.obj
 0001:000247b0       sf_debug_sm_reset_object_selection_status 00000001800257b0 f   sfc_debug:sfdb_animation.obj
 0001:00024850       sf_debug_sm_reset_state_buffer 0000000180025850 f   sfc_debug:sfdb_animation.obj
 0001:00024920       sf_debug_sm_store_state_buffer 0000000180025920 f   sfc_debug:sfdb_animation.obj
 0001:000249a0       sf_debug_sm_restore_state_buffer1 00000001800259a0 f   sfc_debug:sfdb_animation.obj
 0001:00024a10       sf_debug_sm_restore_state_buffer2 0000000180025a10 f   sfc_debug:sfdb_animation.obj
 0001:00024a80       sf_debug_sm_chart_active   0000000180025a80 f   sfc_debug:sfdb_animation.obj
 0001:00024ad0       sf_debug_sm_select_active_objects 0000000180025ad0 f   sfc_debug:sfdb_animation.obj
 0001:00024f80       sf_debug_sm_is_chart_active 0000000180025f80 f   sfc_debug:sfdb_animation.obj
 0001:00024fc0       sf_debug_sm_is_state_active 0000000180025fc0 f   sfc_debug:sfdb_animation.obj
 0001:00025200       sf_debug_sm_get_active_states 0000000180026200 f   sfc_debug:sfdb_animation.obj
 0001:000257c0       sf_debug_sm_initialize_instance 00000001800267c0 f   sfc_debug:sfdb_animation.obj
 0001:00025a10       sf_debug_sm_change_object_selection_status 0000000180026a10 f   sfc_debug:sfdb_animation.obj
 0001:00025d00       cv_create_interface        0000000180026d00 f   sfc_debug:cv_sfinterface.obj
 0001:00026060       cv_init_trans              0000000180027060 f   sfc_debug:cv_sfinterface.obj
 0001:000260b0       cv_init_state              00000001800270b0 f   sfc_debug:cv_sfinterface.obj
 0001:00026120       cv_init_chart              0000000180027120 f   sfc_debug:cv_sfinterface.obj
 0001:00026170       cv_dec_update_call         0000000180027170 f   sfc_debug:cv_sfinterface.obj
 0001:000261b0       cv_cond_update_call        00000001800271b0 f   sfc_debug:cv_sfinterface.obj
 0001:000261f0       cv_sigrange_update         00000001800271f0 f   sfc_debug:cv_sfinterface.obj
 0001:00026230       cvsf_eml_eval              0000000180027230 f   sfc_debug:cv_sfinterface.obj
 0001:00026310       cvsf_eml_init_script       0000000180027310 f   sfc_debug:cv_sfinterface.obj
 0001:00026390       cvsf_eml_init_fcn          0000000180027390 f   sfc_debug:cv_sfinterface.obj
 0001:000263f0       cvsf_eml_init_testobjective 00000001800273f0 f   sfc_debug:cv_sfinterface.obj
 0001:00026450       cvsf_eml_init_if           0000000180027450 f   sfc_debug:cv_sfinterface.obj
 0001:000264b0       cvsf_eml_init_for          00000001800274b0 f   sfc_debug:cv_sfinterface.obj
 0001:00026500       cvsf_eml_init_while        0000000180027500 f   sfc_debug:cv_sfinterface.obj
 0001:00026550       cvsf_eml_init_mcdc         0000000180027550 f   sfc_debug:cv_sfinterface.obj
 0001:000265e0       cvsf_eml_init_switch       00000001800275e0 f   sfc_debug:cv_sfinterface.obj
 0001:00026650       cvsf_script_eval           0000000180027650 f   sfc_debug:cv_sfinterface.obj
 0001:00026730       cvsf_script_init_script    0000000180027730 f   sfc_debug:cv_sfinterface.obj
 0001:000267b0       cvsf_script_init_fcn       00000001800277b0 f   sfc_debug:cv_sfinterface.obj
 0001:00026810       cvsf_script_init_testobjective 0000000180027810 f   sfc_debug:cv_sfinterface.obj
 0001:00026870       cvsf_script_init_if        0000000180027870 f   sfc_debug:cv_sfinterface.obj
 0001:000268d0       cvsf_script_init_for       00000001800278d0 f   sfc_debug:cv_sfinterface.obj
 0001:00026920       cvsf_script_init_while     0000000180027920 f   sfc_debug:cv_sfinterface.obj
 0001:00026970       cvsf_script_init_mcdc      0000000180027970 f   sfc_debug:cv_sfinterface.obj
 0001:00026a00       cvsf_script_init_switch    0000000180027a00 f   sfc_debug:cv_sfinterface.obj
 0001:00026a70       cv_destroy_interface       0000000180027a70 f   sfc_debug:cv_sfinterface.obj
 0001:00026a90       cv_create_instance_objects 0000000180027a90 f   sfc_debug:cv_sfinterface.obj
 0001:00026f40       cv_is_enabled              0000000180027f40 f   sfc_debug:cv_sfinterface.obj
 0001:00026f50       sf_debug_cv_initialize_script 0000000180027f50 f   sfc_debug:cv_sfinterface.obj
 0001:00027100       sf_debug_cv_initialize_instance 0000000180028100 f   sfc_debug:cv_sfinterface.obj
 0001:000274a0       sf_debug_cv_terminate_chart 00000001800284a0 f   sfc_debug:cv_sfinterface.obj
 0001:000275e0       cv_call_trans_test         00000001800285e0 f   sfc_debug:cv_sfinterface.obj
 0001:000275f0       cv_call_sub_cond_test      00000001800285f0 f   sfc_debug:cv_sfinterface.obj
 0001:00027720       sf_debug_hm_initialize_instance 0000000180028720 f   sfc_debug:sfdb_handle_management.obj
 0001:00027ca0       sf_debug_hm_get_object_id  0000000180028ca0 f   sfc_debug:sfdb_handle_management.obj
 0001:00029c10       sf_debug_object_is_eml_function 000000018002ac10 f   sfc_debug:sfdb_handle_management.obj
 0001:00029c80       sf_debug_hm_initialize_ids_in_machine 000000018002ac80 f   sfc_debug:sfdb_handle_management.obj
 0001:00029df0       sf_debug_hm_initialize_ids_in_chart 000000018002adf0 f   sfc_debug:sfdb_handle_management.obj
 0001:00029f30       sf_debug_hm_initialize_chart 000000018002af30 f   sfc_debug:sfdb_handle_management.obj
 0001:0002a6e0       sf_debug_hm_terminate      000000018002b6e0 f   sfc_debug:sfdb_handle_management.obj
 0001:0002a740       sf_debug_hm_initialize_machine 000000018002b740 f   sfc_debug:sfdb_handle_management.obj
 0001:0002aef0       sf_debug_st_initialize_machine 000000018002bef0 f   sfc_debug:sfdb_data_browse.obj
 0001:0002afb0       sf_debug_st_initialize_instance 000000018002bfb0 f   sfc_debug:sfdb_data_browse.obj
 0001:0002b1e0       sf_debug_st_terminate      000000018002c1e0 f   sfc_debug:sfdb_data_browse.obj
 0001:0002b580       sf_debug_st_set_data_value_ptr_in_machine 000000018002c580 f   sfc_debug:sfdb_data_browse.obj
 0001:0002b610       sf_debug_st_set_data_value_ptr_in_instance 000000018002c610 f   sfc_debug:sfdb_data_browse.obj
 0001:0002b6f0       sf_debug_st_unset_data_value_ptr_in_machine 000000018002c6f0 f   sfc_debug:sfdb_data_browse.obj
 0001:0002b760       sf_debug_st_unset_data_value_ptr_in_instance 000000018002c760 f   sfc_debug:sfdb_data_browse.obj
 0001:0002ba70       sf_debug_mx_value          000000018002ca70 f   sfc_debug:sfdb_data_browse.obj
 0001:0002bad0       sf_debug_mx_packed_vector  000000018002cad0 f   sfc_debug:sfdb_data_browse.obj
 0001:0002bbb0       sf_debug_mx_uint_vector    000000018002cbb0 f   sfc_debug:sfdb_data_browse.obj
 0001:0002bc70       sf_debug_st_get_double_value_from_void_ptr_vector 000000018002cc70 f   sfc_debug:sfdb_data_browse.obj
 0001:0002c760       sf_debug_st_browse_data    000000018002d760 f   sfc_debug:sfdb_data_browse.obj
 0001:0002cf00       sf_debug_ss_initialize     000000018002df00 f   sfc_debug:sfdb_symbol_scope.obj
 0001:0002cf20       sf_debug_ss_terminate      000000018002df20 f   sfc_debug:sfdb_symbol_scope.obj
 0001:0002cfb0       sf_debug_ss_push_symbol_scope 000000018002dfb0 f   sfc_debug:sfdb_symbol_scope.obj
 0001:0002d0b0       sf_debug_ss_push_symbol_scope_eml 000000018002e0b0 f   sfc_debug:sfdb_symbol_scope.obj
 0001:0002d110       sf_debug_ss_pop_symbol_scope 000000018002e110 f   sfc_debug:sfdb_symbol_scope.obj
 0001:0002d1c0       sf_debug_ss_add_symbol     000000018002e1c0 f   sfc_debug:sfdb_symbol_scope.obj
 0001:0002d320       sf_debug_ss_add_symbol_eml 000000018002e320 f   sfc_debug:sfdb_symbol_scope.obj
 0001:0002e000       sf_debug_ss_set_data_value 000000018002f000 f   sfc_debug:sfdb_symbol_scope.obj
 0001:0002e4a0       sf_debug_ss_watch_data     000000018002f4a0 f   sfc_debug:sfdb_symbol_scope.obj
 0001:0002e540       sf_debug_ss_assign_data    000000018002f540 f   sfc_debug:sfdb_symbol_scope.obj
 0001:0002ef40       get_data_entry_name        000000018002ff40 f   sfc_debug:sfdb_symbol_scope.obj
 0001:0002ef90       sf_debug_ss_whos           000000018002ff90 f   sfc_debug:sfdb_symbol_scope.obj
 0001:0002f6a0       sf_debug_cc_initialize_chart 00000001800306a0 f   sfc_debug:sfdb_coverage.obj
 0001:00030090       sf_debug_cc_initialize_instance 0000000180031090 f   sfc_debug:sfdb_coverage.obj
 0001:00030e90       sf_debug_cc_terminate      0000000180031e90 f   sfc_debug:sfdb_coverage.obj
 0001:00030f80       sf_debug_cc_set_transition_maps 0000000180031f80 f   sfc_debug:sfdb_coverage.obj
 0001:000310b0       sf_debug_cc_set_state_maps 00000001800320b0 f   sfc_debug:sfdb_coverage.obj
 0001:00031190       sf_debug_cc_set_transition_weights 0000000180032190 f   sfc_debug:sfdb_coverage.obj
 0001:00031460       sf_debug_cc_set_state_weights 0000000180032460 f   sfc_debug:sfdb_coverage.obj
 0001:00031730       sf_debug_cc_mark_transition_guard 0000000180032730 f   sfc_debug:sfdb_coverage.obj
 0001:000317c0       sf_debug_cc_mark_transition_trigger 00000001800327c0 f   sfc_debug:sfdb_coverage.obj
 0001:00031850       sf_debug_cc_mark_transition_decision 0000000180032850 f   sfc_debug:sfdb_coverage.obj
 0001:000318c0       sf_debug_cc_mark_transition_condition_action 00000001800328c0 f   sfc_debug:sfdb_coverage.obj
 0001:00031910       sf_debug_cc_mark_transition_transition_action 0000000180032910 f   sfc_debug:sfdb_coverage.obj
 0001:00031960       sf_debug_cc_mark_state_entry 0000000180032960 f   sfc_debug:sfdb_coverage.obj
 0001:000319b0       sf_debug_cc_mark_state_during 00000001800329b0 f   sfc_debug:sfdb_coverage.obj
 0001:00031a00       sf_debug_cc_mark_state_exit 0000000180032a00 f   sfc_debug:sfdb_coverage.obj
 0001:00032240       sf_debug_cc_get_coverage   0000000180033240 f   sfc_debug:sfdb_coverage.obj
 0001:000327e0       sf_debug_bm_clear_script_breakpoints 00000001800337e0 f   sfc_debug:sfdb_breakpoints.obj
 0001:00032810       sf_debug_bm_set_script_breakpoint 0000000180033810 f   sfc_debug:sfdb_breakpoints.obj
 0001:00032890       sf_debug_bm_clear_single_script_breakpoint 0000000180033890 f   sfc_debug:sfdb_breakpoints.obj
 0001:00032910       sf_debug_bm_query_script_breakpoint 0000000180033910 f   sfc_debug:sfdb_breakpoints.obj
 0001:00032960       sf_debug_bm_initialize_scripts 0000000180033960 f   sfc_debug:sfdb_breakpoints.obj
 0001:00033080       sf_debug_bm_terminate      0000000180034080 f   sfc_debug:sfdb_breakpoints.obj
 0001:00033370       sf_debug_bm_remove_all_breakpoints_in_machine 0000000180034370 f   sfc_debug:sfdb_breakpoints.obj
 0001:000333e0       sf_debug_bm_remove_all_breakpoints_in_chart 00000001800343e0 f   sfc_debug:sfdb_breakpoints.obj
 0001:00033530       sf_debug_bm_initialize_global_breakpoints 0000000180034530 f   sfc_debug:sfdb_breakpoints.obj
 0001:000336b0       sf_debug_bm_set_breakpoint 00000001800346b0 f   sfc_debug:sfdb_breakpoints.obj
 0001:00033ce0       sf_debug_bm_set_eml_breakpoint 0000000180034ce0 f   sfc_debug:sfdb_breakpoints.obj
 0001:00033d80       sf_debug_bm_initialize_machine_breakpoint_map 0000000180034d80 f   sfc_debug:sfdb_breakpoints.obj
 0001:000341a0       sf_debug_bm_is_a_breakpoint 00000001800351a0 f   sfc_debug:sfdb_breakpoints.obj
 0001:000346c0       sf_debug_bm_get_all_breakpoints_in_machine 00000001800356c0 f   sfc_debug:sfdb_breakpoints.obj
 0001:000349c0       sf_debug_bm_get_all_breakpoints_in_chart 00000001800359c0 f   sfc_debug:sfdb_breakpoints.obj
 0001:00035680       sf_debug_bm_initialize_machine 0000000180036680 f   sfc_debug:sfdb_breakpoints.obj
 0001:00035750       sf_debug_bm_initialize_chart 0000000180036750 f   sfc_debug:sfdb_breakpoints.obj
 0001:00035b70       sf_debug_sc_terminate      0000000180036b70 f   sfc_debug:sfdb_state_consistency.obj
 0001:00035ea0       sf_debug_sc_is_chart_consistent 0000000180036ea0 f   sfc_debug:sfdb_state_consistency.obj
 0001:00036150       sf_debug_sc_get_consistency_error_info 0000000180037150 f   sfc_debug:sfdb_state_consistency.obj
 0001:000365a0       sf_debug_tm_terminate      00000001800375a0 f   sfc_debug:sfdb_call_stack.obj
 0001:00036660       sf_debug_tm_push_chart_instance 0000000180037660 f   sfc_debug:sfdb_call_stack.obj
 0001:000367b0       sf_debug_tm_pop_chart_instance 00000001800377b0 f   sfc_debug:sfdb_call_stack.obj
 0001:00036810       sf_debug_tm_push_trace_node 0000000180037810 f   sfc_debug:sfdb_call_stack.obj
 0001:000369a0       sf_debug_tm_pop_trace_node 00000001800379a0 f   sfc_debug:sfdb_call_stack.obj
 0001:00036a20       sf_debug_tm_get_current_global_trace_index 0000000180037a20 f   sfc_debug:sfdb_call_stack.obj
 0001:00036a30       sf_debug_tm_get_current_local_trace_index 0000000180037a30 f   sfc_debug:sfdb_call_stack.obj
 0001:00036a60       sf_debug_tm_set_cycle_detected_flag 0000000180037a60 f   sfc_debug:sfdb_call_stack.obj
 0001:00036aa0       sf_debug_tm_set_cycle_started_flag 0000000180037aa0 f   sfc_debug:sfdb_call_stack.obj
 0001:00036ae0       sf_debug_tm_get_chart_number_from_stack 0000000180037ae0 f   sfc_debug:sfdb_call_stack.obj
 0001:00036ce0       sf_debug_tm_browse_trace   0000000180037ce0 f   sfc_debug:sfdb_call_stack.obj
 0001:00037020       sf_debug_cd_initialize_instance 0000000180038020 f   sfc_debug:sfdb_cycle_detection.obj
 0001:000372d0       sf_debug_cd_mark_processed_transition_in_instance 00000001800382d0 f   sfc_debug:sfdb_cycle_detection.obj
 0001:00037370       sf_debug_cd_checksum_push  0000000180038370 f   sfc_debug:sfdb_cycle_detection.obj
 0001:00037630       sf_debug_cd_checksum_pop   0000000180038630 f   sfc_debug:sfdb_cycle_detection.obj
 0001:000376a0       sf_debug_cd_turn_off_cycle_detection 00000001800386a0 f   sfc_debug:sfdb_cycle_detection.obj
 0001:000376f0       sf_debug_cd_terminate      00000001800386f0 f   sfc_debug:sfdb_cycle_detection.obj
 0001:00037930       md5_initialize_state       0000000180038930 f   sfc_debug:ckmd5.obj
 0001:000383a0       md5_update_state           00000001800393a0 f   sfc_debug:ckmd5.obj
 0001:000383c0       md5_get_hash               00000001800393c0 f   sfc_debug:ckmd5.obj
 0001:000383f0       md5_get_hash_for_a_single_string 00000001800393f0 f   sfc_debug:ckmd5.obj
 0001:00038454       mxGetPr                    0000000180039454 f   libmx:libmx.dll
 0001:0003845a       mxCreateDoubleScalar       000000018003945a f   libmx:libmx.dll
 0001:00038460       mxSetField_730             0000000180039460 f   libmx:libmx.dll
 0001:00038466       mxCreateDoubleMatrix_730   0000000180039466 f   libmx:libmx.dll
 0001:0003846c       mxCreateStructMatrix_730   000000018003946c f   libmx:libmx.dll
 0001:00038472       mxDestroyArray             0000000180039472 f   libmx:libmx.dll
 0001:00038478       mxCreateString             0000000180039478 f   libmx:libmx.dll
 0001:0003847e       mxDuplicateArray           000000018003947e f   libmx:libmx.dll
 0001:00038484       mxGetString_730            0000000180039484 f   libmx:libmx.dll
 0001:0003848a       mxIsChar                   000000018003948a f   libmx:libmx.dll
 0001:00038490       mxGetClassID               0000000180039490 f   libmx:libmx.dll
 0001:00038496       mxIsNumeric                0000000180039496 f   libmx:libmx.dll
 0001:0003849c       mxIsComplex                000000018003949c f   libmx:libmx.dll
 0001:000384a2       mxGetN                     00000001800394a2 f   libmx:libmx.dll
 0001:000384a8       mxGetM                     00000001800394a8 f   libmx:libmx.dll
 0001:000384ae       mxCalloc                   00000001800394ae f   libmx:libmx.dll
 0001:000384b4       mxGetScalar                00000001800394b4 f   libmx:libmx.dll
 0001:000384ba       mxIsLogical                00000001800394ba f   libmx:libmx.dll
 0001:000384c0       mxCreateDoubleMatrix_700   00000001800394c0 f   libmx:libmx.dll
 0001:000384c6       mxFree                     00000001800394c6 f   libmx:libmx.dll
 0001:000384cc       mxArrayToString            00000001800394cc f   libmx:libmx.dll
 0001:000384d2       mxCreateCellMatrix_700     00000001800394d2 f   libmx:libmx.dll
 0001:000384d8       mxSetCell_700              00000001800394d8 f   libmx:libmx.dll
 0001:000384de       mxGetCell_700              00000001800394de f   libmx:libmx.dll
 0001:000384e4       mxGetClassName             00000001800394e4 f   libmx:libmx.dll
 0001:000384ea       mxSetField_700             00000001800394ea f   libmx:libmx.dll
 0001:000384f0       mxAddField                 00000001800394f0 f   libmx:libmx.dll
 0001:000384f6       mxGetField_700             00000001800394f6 f   libmx:libmx.dll
 0001:000384fc       mxGetNumberOfElements      00000001800394fc f   libmx:libmx.dll
 0001:00038502       mxIsStruct                 0000000180039502 f   libmx:libmx.dll
 0001:00038508       mxIsClass                  0000000180039508 f   libmx:libmx.dll
 0001:0003850e       mxGetLogicals              000000018003950e f   libmx:libmx.dll
 0001:00038514       mxIsSparse                 0000000180039514 f   libmx:libmx.dll
 0001:0003851a       mxSetFieldByNumber_700     000000018003951a f   libmx:libmx.dll
 0001:00038520       mxGetFieldByNumber_700     0000000180039520 f   libmx:libmx.dll
 0001:00038526       mxGetFieldNameByNumber     0000000180039526 f   libmx:libmx.dll
 0001:0003852c       mxGetNumberOfFields        000000018003952c f   libmx:libmx.dll
 0001:00038532       mxCreateStructMatrix_700   0000000180039532 f   libmx:libmx.dll
 0001:00038538       mxGetFieldNumber           0000000180039538 f   libmx:libmx.dll
 0001:0003853e       mxIsNaN                    000000018003953e f   libmx:libmx.dll
 0001:00038544       mxIsEmpty                  0000000180039544 f   libmx:libmx.dll
 0001:0003854a       mxGetData                  000000018003954a f   libmx:libmx.dll
 0001:00038550       mxGetImagData              0000000180039550 f   libmx:libmx.dll
 0001:00038556       mxArrayClassIDName         0000000180039556 f   libmx:libmx.dll
 0001:0003855c       mxCreateNumericMatrix_700  000000018003955c f   libmx:libmx.dll
 0001:00038562       mxCreateStructArray_700    0000000180039562 f   libmx:libmx.dll
 0001:00038568       mxCalcSingleSubscript_700  0000000180039568 f   libmx:libmx.dll
 0001:0003856e       mxGetDimensions_700        000000018003956e f   libmx:libmx.dll
 0001:00038574       mxGetNumberOfDimensions_700 0000000180039574 f   libmx:libmx.dll
 0001:0003857a       mxCreateNumericArray_700   000000018003957a f   libmx:libmx.dll
 0001:00038580       mxGetElementSize           0000000180039580 f   libmx:libmx.dll
 0001:00038586       mxCreateStringFromNChars_700 0000000180039586 f   libmx:libmx.dll
 0001:0003858c       mxGetString_700            000000018003958c f   libmx:libmx.dll
 0001:00038592       mxIsLogicalScalarTrue      0000000180039592 f   libmx:libmx.dll
 0001:00038598       mxCreateLogicalScalar      0000000180039598 f   libmx:libmx.dll
 0001:0003859e       mexUnlock                  000000018003959e f   libmex:libmex.dll
 0001:000385a4       mexIsLocked                00000001800395a4 f   libmex:libmex.dll
 0001:000385aa       mexWarnMsgTxt              00000001800395aa f   libmex:libmex.dll
 0001:000385b0       mexCallMATLAB              00000001800395b0 f   libmex:libmex.dll
 0001:000385b6       mexErrMsgTxt               00000001800395b6 f   libmex:libmex.dll
 0001:000385bc       mexSetTrapFlag             00000001800395bc f   libmex:libmex.dll
 0001:000385c2       mexMakeArrayPersistent     00000001800395c2 f   libmex:libmex.dll
 0001:000385c8       mexPutVariable             00000001800395c8 f   libmex:libmex.dll
 0001:000385ce       mexGetVariable             00000001800395ce f   libmex:libmex.dll
 0001:000385d4       mexLock                    00000001800395d4 f   libmex:libmex.dll
 0001:000385da       mexMakeMemoryPersistent    00000001800395da f   libmex:libmex.dll
 0001:000385e0       mexFunctionName            00000001800395e0 f   libmex:libmex.dll
 0001:000385e6       ssRegisterDataTypeFxpFSlopeFixExpBias 00000001800395e6 f   libfixedpoint:libfixedpoint.dll
 0001:000385ec       utVSNprintf                00000001800395ec f   libut:libut.dll
 0001:000385f2       utCPUtime                  00000001800395f2 f   libut:libut.dll
 0001:000385f8       utFree                     00000001800395f8 f   libut:libut.dll
 0001:000385fe       utMalloc                   00000001800395fe f   libut:libut.dll
 0001:00038604       emlrtCheckBuiltInCtxR2011a 0000000180039604 f   libemlrt:libemlrt.dll
 0001:0003860a       emlrtCheckVsBuiltInCtxR2011a 000000018003960a f   libemlrt:libemlrt.dll
 0001:00038610       emlrtCheckEnumR2009a       0000000180039610 f   libemlrt:libemlrt.dll
 0001:00038616       emlrtCreateEnumR2010a      0000000180039616 f   libemlrt:libemlrt.dll
 0001:0003861c       emlrtGetEnumElementR2009a  000000018003961c f   libemlrt:libemlrt.dll
 0001:00038622       emlrtCreateReference       0000000180039622 f   libemlrt:libemlrt.dll
 0001:00038628       emlrtImportVsFiArrayR2009b 0000000180039628 f   libemlrt:libemlrt.dll
 0001:0003862e       emlrtExtractMessageId      000000018003962e f   libemlrt:libemlrt.dll
 0001:00038634       emlrtTranslateMessageIDtoLCPstring 0000000180039634 f   libemlrt:libemlrt.dll
 0001:0003863a       emlrtGetEnumUnderlyingArrayR2009a 000000018003963a f   libemlrt:libemlrt.dll
 0001:00038640       emlrtIsEnumR2009a          0000000180039640 f   libemlrt:libemlrt.dll
 0001:00038648       __GSHandlerCheckCommon     0000000180039648 f   MSVCRT:gshandler.obj
 0001:000386ac       __GSHandlerCheck           00000001800396ac f   MSVCRT:gshandler.obj
 0001:000386ca       strlen                     00000001800396ca f   MSVCRT:MSVCR100.dll
 0001:000386e0       __security_check_cookie    00000001800396e0 f   MSVCRT:amdsecgs.obj
 0001:00038700       memset                     0000000180039700 f   MSVCRT:MSVCR100.dll
 0001:00038706       malloc                     0000000180039706 f   MSVCRT:MSVCR100.dll
 0001:0003870c       free                       000000018003970c f   MSVCRT:MSVCR100.dll
 0001:00038712       strcmp                     0000000180039712 f   MSVCRT:MSVCR100.dll
 0001:00038718       sprintf                    0000000180039718 f   MSVCRT:MSVCR100.dll
 0001:0003871e       strcat                     000000018003971e f   MSVCRT:MSVCR100.dll
 0001:00038724       memcpy                     0000000180039724 f   MSVCRT:MSVCR100.dll
 0001:0003872c       NtCurrentTeb               000000018003972c f i MSVCRT:crtdll.obj
 0001:00038798       _CRT_INIT                  0000000180039798 f   MSVCRT:crtdll.obj
 0001:00038b30       _DllMainCRTStartup         0000000180039b30 f   MSVCRT:crtdll.obj
 0001:00038b6e       strncpy                    0000000180039b6e f   MSVCRT:MSVCR100.dll
 0001:00038b90       _alloca_probe              0000000180039b90     MSVCRT:chkstk.obj
 0001:00038b90       __chkstk                   0000000180039b90 f   MSVCRT:chkstk.obj
 0001:00038bde       longjmp                    0000000180039bde f   MSVCRT:MSVCR100.dll
 0001:00038be4       strncmp                    0000000180039be4 f   MSVCRT:MSVCR100.dll
 0001:00038bea       ceil                       0000000180039bea f   MSVCRT:MSVCR100.dll
 0001:00038bf0       strrchr                    0000000180039bf0 f   MSVCRT:MSVCR100.dll
 0001:00038bf6       _setjmp                    0000000180039bf6 f   MSVCRT:MSVCR100.dll
 0001:00038bfc       calloc                     0000000180039bfc f   MSVCRT:MSVCR100.dll
 0001:00038c02       realloc                    0000000180039c02 f   MSVCRT:MSVCR100.dll
 0001:00038c08       ldexp                      0000000180039c08 f   MSVCRT:MSVCR100.dll
 0001:00038c10       __report_gsfailure         0000000180039c10 f   MSVCRT:gs_report.obj
 0001:00038d5c       __clean_type_info_names    0000000180039d5c f   MSVCRT:tncleanup.obj
 0001:00038d68       _onexit                    0000000180039d68 f   MSVCRT:atonexit.obj
 0001:00038e18       atexit                     0000000180039e18 f   MSVCRT:atonexit.obj
 0001:00038e30       _RTC_Initialize            0000000180039e30 f   MSVCRT:_initsect_.obj
 0001:00038e68       _RTC_Terminate             0000000180039e68 f   MSVCRT:_initsect_.obj
 0001:00038ea0       _malloc_crt                0000000180039ea0 f   MSVCRT:MSVCR100.dll
 0001:00038eb0       _ValidateImageBase         0000000180039eb0 f   MSVCRT:pesect.obj
 0001:00038ee0       _FindPESection             0000000180039ee0 f   MSVCRT:pesect.obj
 0001:00038f30       _IsNonwritableInCurrentImage 0000000180039f30 f   MSVCRT:pesect.obj
 0001:00038f72       _initterm                  0000000180039f72 f   MSVCRT:MSVCR100.dll
 0001:00038f78       _initterm_e                0000000180039f78 f   MSVCRT:MSVCR100.dll
 0001:00038f7e       _encoded_null              0000000180039f7e f   MSVCRT:MSVCR100.dll
 0001:00038f84       _amsg_exit                 0000000180039f84 f   MSVCRT:MSVCR100.dll
 0001:00038f8a       __C_specific_handler       0000000180039f8a f   MSVCRT:MSVCR100.dll
 0001:00038f90       __CppXcptFilter            0000000180039f90 f   MSVCRT:MSVCR100.dll
 0001:00038f98       DllMain                    0000000180039f98 f   MSVCRT:dllmain.obj
 0001:00038fbc       __security_init_cookie     0000000180039fbc f   MSVCRT:gs_support.obj
 0001:00039070       __crt_debugger_hook        000000018003a070 f   MSVCRT:MSVCR100.dll
 0001:00039076       __clean_type_info_names_internal 000000018003a076 f   MSVCRT:MSVCR100.dll
 0001:0003907c       _unlock                    000000018003a07c f   MSVCRT:MSVCR100.dll
 0001:00039082       __dllonexit                000000018003a082 f   MSVCRT:MSVCR100.dll
 0001:00039088       _lock                      000000018003a088 f   MSVCRT:MSVCR100.dll
 0001:0003908e       EncodePointer              000000018003a08e f   kernel32:KERNEL32.dll
 0001:00039094       DecodePointer              000000018003a094 f   kernel32:KERNEL32.dll
 0001:0003909a       Sleep                      000000018003a09a f   kernel32:KERNEL32.dll
 0001:000390a0       TerminateProcess           000000018003a0a0 f   kernel32:KERNEL32.dll
 0001:000390a6       GetCurrentProcess          000000018003a0a6 f   kernel32:KERNEL32.dll
 0001:000390ac       UnhandledExceptionFilter   000000018003a0ac f   kernel32:KERNEL32.dll
 0001:000390b2       SetUnhandledExceptionFilter 000000018003a0b2 f   kernel32:KERNEL32.dll
 0001:000390b8       IsDebuggerPresent          000000018003a0b8 f   kernel32:KERNEL32.dll
 0001:000390be       RtlVirtualUnwind           000000018003a0be f   kernel32:KERNEL32.dll
 0001:000390c4       RtlLookupFunctionEntry     000000018003a0c4 f   kernel32:KERNEL32.dll
 0001:000390ca       RtlCaptureContext          000000018003a0ca f   kernel32:KERNEL32.dll
 0001:000390d0       DisableThreadLibraryCalls  000000018003a0d0 f   kernel32:KERNEL32.dll
 0001:000390d6       QueryPerformanceCounter    000000018003a0d6 f   kernel32:KERNEL32.dll
 0001:000390dc       GetTickCount               000000018003a0dc f   kernel32:KERNEL32.dll
 0001:000390e2       GetCurrentThreadId         000000018003a0e2 f   kernel32:KERNEL32.dll
 0001:000390e8       GetCurrentProcessId        000000018003a0e8 f   kernel32:KERNEL32.dll
 0001:000390ee       GetSystemTimeAsFileTime    000000018003a0ee f   kernel32:KERNEL32.dll
 0002:00000000       __imp_GetSystemTimeAsFileTime 000000018003b000     kernel32:KERNEL32.dll
 0002:00000008       __imp_GetCurrentProcessId  000000018003b008     kernel32:KERNEL32.dll
 0002:00000010       __imp_GetCurrentThreadId   000000018003b010     kernel32:KERNEL32.dll
 0002:00000018       __imp_GetTickCount         000000018003b018     kernel32:KERNEL32.dll
 0002:00000020       __imp_QueryPerformanceCounter 000000018003b020     kernel32:KERNEL32.dll
 0002:00000028       __imp_DisableThreadLibraryCalls 000000018003b028     kernel32:KERNEL32.dll
 0002:00000030       __imp_RtlCaptureContext    000000018003b030     kernel32:KERNEL32.dll
 0002:00000038       __imp_RtlLookupFunctionEntry 000000018003b038     kernel32:KERNEL32.dll
 0002:00000040       __imp_RtlVirtualUnwind     000000018003b040     kernel32:KERNEL32.dll
 0002:00000048       __imp_IsDebuggerPresent    000000018003b048     kernel32:KERNEL32.dll
 0002:00000050       __imp_SetUnhandledExceptionFilter 000000018003b050     kernel32:KERNEL32.dll
 0002:00000058       __imp_UnhandledExceptionFilter 000000018003b058     kernel32:KERNEL32.dll
 0002:00000060       __imp_GetCurrentProcess    000000018003b060     kernel32:KERNEL32.dll
 0002:00000068       __imp_TerminateProcess     000000018003b068     kernel32:KERNEL32.dll
 0002:00000070       __imp_Sleep                000000018003b070     kernel32:KERNEL32.dll
 0002:00000078       __imp_DecodePointer        000000018003b078     kernel32:KERNEL32.dll
 0002:00000080       __imp_EncodePointer        000000018003b080     kernel32:KERNEL32.dll
 0002:00000088       \177KERNEL32_NULL_THUNK_DATA 000000018003b088     kernel32:KERNEL32.dll
 0002:00000090       __imp__onexit              000000018003b090     MSVCRT:MSVCR100.dll
 0002:00000098       __imp__lock                000000018003b098     MSVCRT:MSVCR100.dll
 0002:000000a0       __imp___dllonexit          000000018003b0a0     MSVCRT:MSVCR100.dll
 0002:000000a8       __imp__unlock              000000018003b0a8     MSVCRT:MSVCR100.dll
 0002:000000b0       __imp___clean_type_info_names_internal 000000018003b0b0     MSVCRT:MSVCR100.dll
 0002:000000b8       __imp___crt_debugger_hook  000000018003b0b8     MSVCRT:MSVCR100.dll
 0002:000000c0       __imp___CppXcptFilter      000000018003b0c0     MSVCRT:MSVCR100.dll
 0002:000000c8       __imp___C_specific_handler 000000018003b0c8     MSVCRT:MSVCR100.dll
 0002:000000d0       __imp__amsg_exit           000000018003b0d0     MSVCRT:MSVCR100.dll
 0002:000000d8       __imp__encoded_null        000000018003b0d8     MSVCRT:MSVCR100.dll
 0002:000000e0       __imp__initterm_e          000000018003b0e0     MSVCRT:MSVCR100.dll
 0002:000000e8       __imp__initterm            000000018003b0e8     MSVCRT:MSVCR100.dll
 0002:000000f0       __imp__malloc_crt          000000018003b0f0     MSVCRT:MSVCR100.dll
 0002:000000f8       __imp_ldexp                000000018003b0f8     MSVCRT:MSVCR100.dll
 0002:00000100       __imp_realloc              000000018003b100     MSVCRT:MSVCR100.dll
 0002:00000108       __imp_calloc               000000018003b108     MSVCRT:MSVCR100.dll
 0002:00000110       __imp__setjmp              000000018003b110     MSVCRT:MSVCR100.dll
 0002:00000118       __imp_strrchr              000000018003b118     MSVCRT:MSVCR100.dll
 0002:00000120       __imp_ceil                 000000018003b120     MSVCRT:MSVCR100.dll
 0002:00000128       __imp_strncmp              000000018003b128     MSVCRT:MSVCR100.dll
 0002:00000130       __imp_longjmp              000000018003b130     MSVCRT:MSVCR100.dll
 0002:00000138       __imp_strncpy              000000018003b138     MSVCRT:MSVCR100.dll
 0002:00000140       __imp_memcpy               000000018003b140     MSVCRT:MSVCR100.dll
 0002:00000148       __imp_strcat               000000018003b148     MSVCRT:MSVCR100.dll
 0002:00000150       __imp_sprintf              000000018003b150     MSVCRT:MSVCR100.dll
 0002:00000158       __imp_strcmp               000000018003b158     MSVCRT:MSVCR100.dll
 0002:00000160       __imp_free                 000000018003b160     MSVCRT:MSVCR100.dll
 0002:00000168       __imp_malloc               000000018003b168     MSVCRT:MSVCR100.dll
 0002:00000170       __imp_memset               000000018003b170     MSVCRT:MSVCR100.dll
 0002:00000178       __imp_strlen               000000018003b178     MSVCRT:MSVCR100.dll
 0002:00000180       \177MSVCR100_NULL_THUNK_DATA 000000018003b180     MSVCRT:MSVCR100.dll
 0002:00000188       __imp_emlrtIsEnumR2009a    000000018003b188     libemlrt:libemlrt.dll
 0002:00000190       __imp_emlrtGetEnumUnderlyingArrayR2009a 000000018003b190     libemlrt:libemlrt.dll
 0002:00000198       __imp_emlrtTranslateMessageIDtoLCPstring 000000018003b198     libemlrt:libemlrt.dll
 0002:000001a0       __imp_emlrtExtractMessageId 000000018003b1a0     libemlrt:libemlrt.dll
 0002:000001a8       __imp_emlrtImportVsFiArrayR2009b 000000018003b1a8     libemlrt:libemlrt.dll
 0002:000001b0       __imp_emlrtCreateReference 000000018003b1b0     libemlrt:libemlrt.dll
 0002:000001b8       __imp_emlrtCheckVsBuiltInCtxR2011a 000000018003b1b8     libemlrt:libemlrt.dll
 0002:000001c0       __imp_emlrtCheckEnumR2009a 000000018003b1c0     libemlrt:libemlrt.dll
 0002:000001c8       __imp_emlrtCreateEnumR2010a 000000018003b1c8     libemlrt:libemlrt.dll
 0002:000001d0       __imp_emlrtGetEnumElementR2009a 000000018003b1d0     libemlrt:libemlrt.dll
 0002:000001d8       __imp_emlrtCheckBuiltInCtxR2011a 000000018003b1d8     libemlrt:libemlrt.dll
 0002:000001e0       \177libemlrt_NULL_THUNK_DATA 000000018003b1e0     libemlrt:libemlrt.dll
 0002:000001e8       __imp_ssRegisterDataTypeFxpFSlopeFixExpBias 000000018003b1e8     libfixedpoint:libfixedpoint.dll
 0002:000001f0       \177libfixedpoint_NULL_THUNK_DATA 000000018003b1f0     libfixedpoint:libfixedpoint.dll
 0002:000001f8       __imp_mexGetVariable       000000018003b1f8     libmex:libmex.dll
 0002:00000200       __imp_mexErrMsgTxt         000000018003b200     libmex:libmex.dll
 0002:00000208       __imp_mexMakeMemoryPersistent 000000018003b208     libmex:libmex.dll
 0002:00000210       __imp_mexFunctionName      000000018003b210     libmex:libmex.dll
 0002:00000218       __imp_mexLock              000000018003b218     libmex:libmex.dll
 0002:00000220       __imp_mexPutVariable       000000018003b220     libmex:libmex.dll
 0002:00000228       __imp_mexSetTrapFlag       000000018003b228     libmex:libmex.dll
 0002:00000230       __imp_mexCallMATLAB        000000018003b230     libmex:libmex.dll
 0002:00000238       __imp_mexWarnMsgTxt        000000018003b238     libmex:libmex.dll
 0002:00000240       __imp_mexIsLocked          000000018003b240     libmex:libmex.dll
 0002:00000248       __imp_mexUnlock            000000018003b248     libmex:libmex.dll
 0002:00000250       __imp_mexMakeArrayPersistent 000000018003b250     libmex:libmex.dll
 0002:00000258       \177libmex_NULL_THUNK_DATA 000000018003b258     libmex:libmex.dll
 0002:00000260       __imp_mxIsClass            000000018003b260     libmx:libmx.dll
 0002:00000268       __imp_mxCreateDoubleScalar 000000018003b268     libmx:libmx.dll
 0002:00000270       __imp_mxSetField_730       000000018003b270     libmx:libmx.dll
 0002:00000278       __imp_mxCreateDoubleMatrix_730 000000018003b278     libmx:libmx.dll
 0002:00000280       __imp_mxCreateStructMatrix_730 000000018003b280     libmx:libmx.dll
 0002:00000288       __imp_mxCreateLogicalScalar 000000018003b288     libmx:libmx.dll
 0002:00000290       __imp_mxIsLogicalScalarTrue 000000018003b290     libmx:libmx.dll
 0002:00000298       __imp_mxGetString_700      000000018003b298     libmx:libmx.dll
 0002:000002a0       __imp_mxCreateStringFromNChars_700 000000018003b2a0     libmx:libmx.dll
 0002:000002a8       __imp_mxGetElementSize     000000018003b2a8     libmx:libmx.dll
 0002:000002b0       __imp_mxCreateNumericArray_700 000000018003b2b0     libmx:libmx.dll
 0002:000002b8       __imp_mxGetNumberOfDimensions_700 000000018003b2b8     libmx:libmx.dll
 0002:000002c0       __imp_mxGetDimensions_700  000000018003b2c0     libmx:libmx.dll
 0002:000002c8       __imp_mxCalcSingleSubscript_700 000000018003b2c8     libmx:libmx.dll
 0002:000002d0       __imp_mxCreateStructArray_700 000000018003b2d0     libmx:libmx.dll
 0002:000002d8       __imp_mxCreateNumericMatrix_700 000000018003b2d8     libmx:libmx.dll
 0002:000002e0       __imp_mxArrayClassIDName   000000018003b2e0     libmx:libmx.dll
 0002:000002e8       __imp_mxGetImagData        000000018003b2e8     libmx:libmx.dll
 0002:000002f0       __imp_mxGetData            000000018003b2f0     libmx:libmx.dll
 0002:000002f8       __imp_mxIsEmpty            000000018003b2f8     libmx:libmx.dll
 0002:00000300       __imp_mxIsNaN              000000018003b300     libmx:libmx.dll
 0002:00000308       __imp_mxGetFieldNumber     000000018003b308     libmx:libmx.dll
 0002:00000310       __imp_mxCreateStructMatrix_700 000000018003b310     libmx:libmx.dll
 0002:00000318       __imp_mxGetNumberOfFields  000000018003b318     libmx:libmx.dll
 0002:00000320       __imp_mxGetFieldNameByNumber 000000018003b320     libmx:libmx.dll
 0002:00000328       __imp_mxGetFieldByNumber_700 000000018003b328     libmx:libmx.dll
 0002:00000330       __imp_mxSetFieldByNumber_700 000000018003b330     libmx:libmx.dll
 0002:00000338       __imp_mxIsSparse           000000018003b338     libmx:libmx.dll
 0002:00000340       __imp_mxGetLogicals        000000018003b340     libmx:libmx.dll
 0002:00000348       __imp_mxGetPr              000000018003b348     libmx:libmx.dll
 0002:00000350       __imp_mxIsStruct           000000018003b350     libmx:libmx.dll
 0002:00000358       __imp_mxGetNumberOfElements 000000018003b358     libmx:libmx.dll
 0002:00000360       __imp_mxGetField_700       000000018003b360     libmx:libmx.dll
 0002:00000368       __imp_mxAddField           000000018003b368     libmx:libmx.dll
 0002:00000370       __imp_mxSetField_700       000000018003b370     libmx:libmx.dll
 0002:00000378       __imp_mxGetClassName       000000018003b378     libmx:libmx.dll
 0002:00000380       __imp_mxGetCell_700        000000018003b380     libmx:libmx.dll
 0002:00000388       __imp_mxSetCell_700        000000018003b388     libmx:libmx.dll
 0002:00000390       __imp_mxCreateCellMatrix_700 000000018003b390     libmx:libmx.dll
 0002:00000398       __imp_mxArrayToString      000000018003b398     libmx:libmx.dll
 0002:000003a0       __imp_mxFree               000000018003b3a0     libmx:libmx.dll
 0002:000003a8       __imp_mxCreateDoubleMatrix_700 000000018003b3a8     libmx:libmx.dll
 0002:000003b0       __imp_mxIsLogical          000000018003b3b0     libmx:libmx.dll
 0002:000003b8       __imp_mxGetScalar          000000018003b3b8     libmx:libmx.dll
 0002:000003c0       __imp_mxCalloc             000000018003b3c0     libmx:libmx.dll
 0002:000003c8       __imp_mxGetM               000000018003b3c8     libmx:libmx.dll
 0002:000003d0       __imp_mxGetN               000000018003b3d0     libmx:libmx.dll
 0002:000003d8       __imp_mxIsComplex          000000018003b3d8     libmx:libmx.dll
 0002:000003e0       __imp_mxIsNumeric          000000018003b3e0     libmx:libmx.dll
 0002:000003e8       __imp_mxGetClassID         000000018003b3e8     libmx:libmx.dll
 0002:000003f0       __imp_mxIsChar             000000018003b3f0     libmx:libmx.dll
 0002:000003f8       __imp_mxGetString_730      000000018003b3f8     libmx:libmx.dll
 0002:00000400       __imp_mxDuplicateArray     000000018003b400     libmx:libmx.dll
 0002:00000408       __imp_mxCreateString       000000018003b408     libmx:libmx.dll
 0002:00000410       __imp_mxDestroyArray       000000018003b410     libmx:libmx.dll
 0002:00000418       \177libmx_NULL_THUNK_DATA  000000018003b418     libmx:libmx.dll
 0002:00000420       __imp_utCPUtime            000000018003b420     libut:libut.dll
[...]
 0001:000108a0       _ml_generic_castability_check 00000001800118a0 f   sfc_mex:sfc_mex.obj
 0001:00011600       ml_generic_castability_check 0000000180012600 f   sfc_mex:sfc_mex.obj
 0001:000116a0       ml_check_mx_array_for_single_castability 00000001800126a0 f   sfc_mex:sfc_mex.obj
 0001:00011740       ml_check_mx_array_for_logical_castability 0000000180012740 f   sfc_mex:sfc_mex.obj
 0001:000117e0       ml_check_mx_array_for_int8_castability 00000001800127e0 f   sfc_mex:sfc_mex.obj
 0001:00011890       ml_check_mx_array_for_uint8_castability 0000000180012890 f   sfc_mex:sfc_mex.obj
 0001:000118f0       ml_check_mx_array_for_int16_castability 00000001800128f0 f   sfc_mex:sfc_mex.obj
 0001:00011950       ml_check_mx_array_for_uint16_castability 0000000180012950 f   sfc_mex:sfc_mex.obj
 0001:000119b0       ml_check_mx_array_for_int32_castability 00000001800129b0 f   sfc_mex:sfc_mex.obj
 0001:00011a10       ml_check_mx_array_for_uint32_castability 0000000180012a10 f   sfc_mex:sfc_mex.obj
 0001:00011a70       ml_check_mx_array_for_castability 0000000180012a70 f   sfc_mex:sfc_mex.obj
 0001:000123a0       set_data_value             00000001800133a0 f   sfc_mex:sfc_mex.obj
 0001:00012710       get_data_value             0000000180013710 f   sfc_mex:sfc_mex.obj
 0001:00012820       get_next_element_address   0000000180013820 f   sfc_mex:sfc_mex.obj
 0001:000128f0       sf_normalize_index         00000001800138f0 f   sfc_mex:sfc_mex.obj
 0001:00012c80       ml_array_index_bound_check 0000000180013c80 f   sfc_mex:sfc_mex.obj
 0001:000137a0       mx_value                   00000001800147a0 f   sfc_mex:sfc_mex.obj
 0001:000137f0       sf_create_numeric_array    00000001800147f0 f   sfc_mex:sfc_mex.obj
 0001:00013890       sf_mex_assign_to_mx_array  0000000180014890 f   sfc_mex:sfc_mex.obj
 0001:00013be0       assign_from_mx_array       0000000180014be0 f   sfc_mex:sfc_mex.obj
 0001:00014410       sf_mex_import_v            0000000180015410 f   sfc_mex:sfc_mex.obj
 0001:000149e0       get_machine_and_chart_file_number 00000001800159e0 f   sfc_mex:sfc_sf.obj
 0001:00014ad0       get_sfun_block_specialization 0000000180015ad0 f   sfc_mex:sfc_sf.obj
 0001:00014b50       call_sf_machine_global_method_dispatcher 0000000180015b50 f   sfc_mex:sfc_sf.obj
 0001:00014d80       mdl_zeroCrossings_processing 0000000180015d80 f   sfc_mex:sfc_sf.obj
 0001:00014e50       mdl_derivatives_processing 0000000180015e50 f   sfc_mex:sfc_sf.obj
 0001:00015110       mdl_outputs_continuous_legacy 0000000180016110 f   sfc_mex:sfc_sf.obj
 0001:00015190       mdl_outputs_processing     0000000180016190 f   sfc_mex:sfc_sf.obj
 0001:000153c0       mdl_enable_processing      00000001800163c0 f   sfc_mex:sfc_sf.obj
 0001:00015490       mdl_disable_processing     0000000180016490 f   sfc_mex:sfc_sf.obj
 0001:00015de0       write_symbol_mapping       0000000180016de0 f   sfc_mex:sfc_sf.obj
 0001:00016500       sf_call_output_fcn_enable_disable 0000000180017500 f   sfc_mex:sfc_sf.obj
 0001:00016780       set_dwork_information_from_mx_array 0000000180017780 f   sfc_mex:sfc_sf.obj
 0001:00017070       ptr2mxStruct               0000000180018070 f   sfc_mex:sfc_sf.obj
 0001:00017380       SNPRINTF_WRAPPER           0000000180018380 f   sfc_debug:sfcdebug.obj
 0001:000173a0       sf_debug_chart_instance_initialized_quick 00000001800183a0 f   sfc_debug:sfcdebug.obj
 0001:000173b0       sf_debug_chart_instance_initialized 00000001800183b0 f   sfc_debug:sfcdebug.obj
 0001:00017550       sfrtAddSize                0000000180018550 f   sfc_debug:sfcdebug.obj
 0001:00017610       sfrtGenSizeString          0000000180018610 f   sfc_debug:sfcdebug.obj
 0001:00017d20       sf_debug_sim_status_listener 0000000180018d20 f   sfc_debug:sfcdebug.obj
 0001:00018290       sf_debug_form_mask_bits    0000000180019290 f   sfc_debug:sfcdebug.obj
 0001:000182d0       sf_debug_form_sf_data_type_offsets 00000001800192d0 f   sfc_debug:sfcdebug.obj
 0001:00018390       sf_debug_free_all          0000000180019390 f   sfc_debug:sfcdebug.obj
 0001:00018510       sf_debug_append_debugger_context 0000000180019510 f   sfc_debug:sfcdebug.obj
 0001:000187d0       local_strdup               00000001800197d0 f   sfc_debug:sfcdebug.obj
 0001:000196b0       sf_debug_em_terminate      000000018001a6b0 f   sfc_debug:sfcdebug.obj
 0001:000196f0       sf_debug_push_eml_function 000000018001a6f0 f   sfc_debug:sfcdebug.obj
 0001:00019790       sf_debug_pop_eml_function  000000018001a790 f   sfc_debug:sfcdebug.obj
 0001:0001a490       sf_debug_get_machine_number_from_id_or_name 000000018001b490 f   sfc_debug:sfcdebug.obj
 0001:0001a5e0       sf_debug_get_chart_number_from_id 000000018001b5e0 f   sfc_debug:sfcdebug.obj
 0001:0001b250       sf_debug_transfer_control_to_debugger_GUI 000000018001c250 f   sfc_debug:sfcdebug.obj
 0001:0001c1f0       sf_debug_scripts_rehash    000000018001d1f0 f   sfc_debug:sfcdebug.obj
 0001:0001c430       sf_debug_get_script_line_count 000000018001d430 f   sfc_debug:sfcdebug.obj
 0001:0001cb40       cv_eml_state_cvId          000000018001db40 f   sfc_debug:sfcdebug.obj
 0001:0001dd60       sf_debug_data_array_bounds_error 000000018001ed60 f   sfc_debug:sfcdebug.obj
 0001:0001e190       eml_debug_runtime_error_doclink 000000018001f190 f   sfc_debug:sfcdebug.obj
 0001:0001e310       sf_debug_runtime_error     000000018001f310 f   sfc_debug:sfcdebug.obj
 0001:0001e380       sf_debug_matlab_error      000000018001f380 f   sfc_debug:sfcdebug.obj
 0001:0001ec30       sf_debug_data_value_error  000000018001fc30 f   sfc_debug:sfcdebug.obj
 0001:0001f530       sf_debug_data_loss_error   0000000180020530 f   sfc_debug:sfcdebug.obj
 0001:00020190       call_cv_range_check        0000000180021190 f   sfc_debug:sfcdebug.obj
 0001:00020960       sf_debug_invoke_cycle_detection_code 0000000180021960 f   sfc_debug:sfcdebug.obj
 0001:000217d0       sf_reset_debug_info_struct 00000001800227d0 f   sfc_debug:sfcdebug.obj
 0001:000220c0       cv_script_cvId             00000001800230c0 f   sfc_debug:sfcdebug.obj
 0001:00022eb0       sfc_api_chart_visible      0000000180023eb0 f   sfc_debug:sfc_api.obj
 0001:00022f30       sfc_api_active_instance    0000000180023f30 f   sfc_debug:sfc_api.obj
 0001:00022fb0       sfc_api_machine_load       0000000180023fb0 f   sfc_debug:sfc_api.obj
 0001:00023080       sfc_api_debugger_alive     0000000180024080 f   sfc_debug:sfc_api.obj
 0001:00023090       sfc_api_go                 0000000180024090 f   sfc_debug:sfc_api.obj
 0001:000230a0       sfc_api_step_over          00000001800240a0 f   sfc_debug:sfc_api.obj
 0001:000230b0       sfc_api_step_out           00000001800240b0 f   sfc_debug:sfc_api.obj
 0001:000230c0       sfc_api_resume             00000001800240c0 f   sfc_debug:sfc_api.obj
 0001:000230d0       sfc_api_break              00000001800240d0 f   sfc_debug:sfc_api.obj
 0001:000230e0       sfc_api_stop_debugging     00000001800240e0 f   sfc_debug:sfc_api.obj
 0001:00023130       sfc_api_is_cycle_detected  0000000180024130 f   sfc_debug:sfc_api.obj
 0001:00023180       sfc_api_is_array_bounds_detected 0000000180024180 f   sfc_debug:sfc_api.obj
 0001:000231d0       sfc_api_set_disable_all_breakpoints 00000001800241d0 f   sfc_debug:sfc_api.obj
 0001:00023240       sfc_api_disable_all_breakpoints_and_go 0000000180024240 f   sfc_debug:sfc_api.obj
 0001:00023250       sfc_api_close              0000000180024250 f   sfc_debug:sfc_api.obj
 0001:00023260       sfc_api_browse_data        0000000180024260 f   sfc_debug:sfc_api.obj
 0001:000232d0       sfc_api_watch_data         00000001800242d0 f   sfc_debug:sfc_api.obj
 0001:00023370       sfc_api_assign_data        0000000180024370 f   sfc_debug:sfc_api.obj
 0001:00023410       sfc_api_whos               0000000180024410 f   sfc_debug:sfc_api.obj
 0001:000234a0       sfc_api_get_consistency_info 00000001800244a0 f   sfc_debug:sfc_api.obj
 0001:000234b0       sfc_api_browse_trace       00000001800244b0 f   sfc_debug:sfc_api.obj
 0001:000234c0       sfc_api_break_on_chart_entry 00000001800244c0 f   sfc_debug:sfc_api.obj
 0001:000234e0       sfc_api_break_on_event_broadcast 00000001800244e0 f   sfc_debug:sfc_api.obj
 0001:00023500       sfc_api_break_on_state_entry 0000000180024500 f   sfc_debug:sfc_api.obj
 0001:00023520       sfc_api_set_watch          0000000180024520 f   sfc_debug:sfc_api.obj
 0001:000235c0       sfc_api_set_breakpoints    00000001800245c0 f   sfc_debug:sfc_api.obj
 0001:00023660       sfc_api_set_eml_breakpoints 0000000180024660 f   sfc_debug:sfc_api.obj
 0001:000236e0       sfc_api_set_script_breakpoints 00000001800246e0 f   sfc_debug:sfc_api.obj
 0001:00023730       sfc_api_add_script_breakpoints 0000000180024730 f   sfc_debug:sfc_api.obj
 0001:00023780       sfc_api_clear_script_breakpoints 0000000180024780 f   sfc_debug:sfc_api.obj
 0001:000237d0       sfc_api_query_script_breakpoints 00000001800247d0 f   sfc_debug:sfc_api.obj
 0001:00023830       sfc_api_get_script_id      0000000180024830 f   sfc_debug:sfc_api.obj
 0001:000238f0       sfc_api_get_active_states  00000001800248f0 f   sfc_debug:sfc_api.obj
 0001:00023970       sfc_api_break_between_times 0000000180024970 f   sfc_debug:sfc_api.obj
 0001:000239d0       sfc_api_get_instance_handle 00000001800249d0 f   sfc_debug:sfc_api.obj
 0001:00023a80       sfc_api_get_coverage       0000000180024a80 f   sfc_debug:sfc_api.obj
 0001:00023b00       sfc_api_set_animation      0000000180024b00 f   sfc_debug:sfc_api.obj
 0001:00023b50       sfc_api_select_chart       0000000180024b50 f   sfc_debug:sfc_api.obj
 0001:00023bb0       sfc_api_select_charts      0000000180024bb0 f   sfc_debug:sfc_api.obj
 0001:00023be0       sfc_api_cycle_detection_check 0000000180024be0 f   sfc_debug:sfc_api.obj
 0001:00023c30       sfc_api_data_range_check   0000000180024c30 f   sfc_debug:sfc_api.obj
 0001:00023c80       sfc_api_transition_conflict_check 0000000180024c80 f   sfc_debug:sfc_api.obj
 0001:00023cd0       sfc_api_state_consistency_check 0000000180024cd0 f   sfc_debug:sfc_api.obj
 0001:00023d20       sfc_api_set_instance_cv_ids 0000000180024d20 f   sfc_debug:sfc_api.obj
 0001:00023e30       sfc_api_set_script_cv_ids  0000000180024e30 f   sfc_debug:sfc_api.obj
 0001:00023ed0       sfc_api_get_current_machine_id 0000000180024ed0 f   sfc_debug:sfc_api.obj
 0001:00023f00       sfc_api_get_current_machine_number 0000000180024f00 f   sfc_debug:sfc_api.obj
 0001:00023f30       sfc_api_get_current_chart_number 0000000180024f30 f   sfc_debug:sfc_api.obj
 0001:00023f60       sfc_api_get_current_instance_number 0000000180024f60 f   sfc_debug:sfc_api.obj
 0001:00023f90       sfc_api_get_current_instance_handle 0000000180024f90 f   sfc_debug:sfc_api.obj
 0001:00023fb0       sfc_api_get_current_is_minor_time_step 0000000180024fb0 f   sfc_debug:sfc_api.obj
 0001:00023fe0       sfc_api_get_current_machine_name 0000000180024fe0 f   sfc_debug:sfc_api.obj
 0001:00024000       sfc_api_get_current_chart_id 0000000180025000 f   sfc_debug:sfc_api.obj
 0001:00024030       sfc_api_get_current_object_type 0000000180025030 f   sfc_debug:sfc_api.obj
 0001:00024060       sfc_api_get_current_event_type 0000000180025060 f   sfc_debug:sfc_api.obj
 0001:00024090       sfc_api_get_current_object_id 0000000180025090 f   sfc_debug:sfc_api.obj
 0001:000240c0       sfc_get_current_active_event_type 00000001800250c0 f   sfc_debug:sfc_api.obj
 0001:000240f0       sfc_api_get_current_active_event_id 00000001800250f0 f   sfc_debug:sfc_api.obj
 0001:00024120       sfc_api_get_current_simulation_time 0000000180025120 f   sfc_debug:sfc_api.obj
 0001:00024140       sfc_get_current_tag_type   0000000180025140 f   sfc_debug:sfc_api.obj
 0001:00024170       sfc_get_current_coverage_percentage 0000000180025170 f   sfc_debug:sfc_api.obj
 0001:00024190       sfc_get_current_statement_context 0000000180025190 f   sfc_debug:sfc_api.obj
 0001:000241b0       sfc_get_current_optional_integer 00000001800251b0 f   sfc_debug:sfc_api.obj
 0001:000241e0       sfc_get_current_statement_info 00000001800251e0 f   sfc_debug:sfc_api.obj
 0001:00024280       sfc_api_get                0000000180025280 f   sfc_debug:sfc_api.obj
 0001:000243e0       sf_debug_sm_is_using_unified_editors 00000001800253e0 f   sfc_debug:sfdb_animation.obj
 0001:00024480       sf_debug_sm_is_chart_visible_in_unified_editors 0000000180025480 f   sfc_debug:sfdb_animation.obj
 0001:00024540       sf_debug_sm_check_if_chart_is_visible 0000000180025540 f   sfc_debug:sfdb_animation.obj
 0001:00025040       sf_debug_sm_fill_state_activity_data 0000000180026040 f   sfc_debug:sfdb_animation.obj
 0001:00027630       sf_debug_hm_get_simulink_handle 0000000180028630 f   sfc_debug:sfdb_handle_management.obj
 0001:00028180       sf_debug_hm_initialize_globals 0000000180029180 f   sfc_debug:sfdb_handle_management.obj
 0001:00028280       sf_debug_hm_get_machine_debug_flag 0000000180029280 f   sfc_debug:sfdb_handle_management.obj
 0001:000283f0       sf_debug_hm_get_machine_id 00000001800293f0 f   sfc_debug:sfdb_handle_management.obj
 0001:00028510       sf_debug_hm_get_chart_id   0000000180029510 f   sfc_debug:sfdb_handle_management.obj
 0001:000286b0       sf_debug_hm_register_executing_SFunction 00000001800296b0 f   sfc_debug:sfdb_handle_management.obj
 0001:00028850       sf_debug_hm_get_chart_active_instance 0000000180029850 f   sfc_debug:sfdb_handle_management.obj
 0001:000289c0       sf_debug_hm_get_chart_visibility 00000001800299c0 f   sfc_debug:sfdb_handle_management.obj
 0001:00028b10       sf_debug_hm_form_object_boolean_properties 0000000180029b10 f   sfc_debug:sfdb_handle_management.obj
 0001:00028de0       sf_debug_hm_form_object_properties 0000000180029de0 f   sfc_debug:sfdb_handle_management.obj
 0001:00029020       sf_debug_hm_terminate_charts 000000018002a020 f   sfc_debug:sfdb_handle_management.obj
 0001:00029790       sf_debug_hm_terminate_machines 000000018002a790 f   sfc_debug:sfdb_handle_management.obj
 0001:0002b0b0       void_ptr_stack_vector_free_total 000000018002c0b0 f   sfc_debug:sfdb_data_browse.obj
 0001:0002b140       sf_debug_st_terminate_machine 000000018002c140 f   sfc_debug:sfdb_data_browse.obj
 0001:0002b180       sf_debug_st_terminate_instance 000000018002c180 f   sfc_debug:sfdb_data_browse.obj
 0001:0002b530       push_on_to_void_ptr_stack  000000018002c530 f   sfc_debug:sfdb_data_browse.obj
 0001:0002b6c0       pop_from_void_ptr_stack    000000018002c6c0 f   sfc_debug:sfdb_data_browse.obj
 0001:0002b7f0       sf_debug_st_get_data_value 000000018002c7f0 f   sfc_debug:sfdb_data_browse.obj
 0001:0002bd80       mx_value                   000000018002cd80 f   sfc_debug:sfdb_data_browse.obj
 0001:0002bdc0       sf_debug_st_fill_data_struct 000000018002cdc0 f   sfc_debug:sfdb_data_browse.obj
 0001:0002c100       data_type_format_strings   000000018002d100 f   sfc_debug:sfdb_data_browse.obj
 0001:0002c1b0       sf_debug_st_fill_data      000000018002d1b0 f   sfc_debug:sfdb_data_browse.obj
 0001:0002d3f0       sf_debug_ss_copy_dimension 000000018002e3f0 f   sfc_debug:sfdb_symbol_scope.obj
 0001:0002d4b0       sf_debug_ss_get_number_elements 000000018002e4b0 f   sfc_debug:sfdb_symbol_scope.obj
 0001:0002d4d0       sf_debug_ss_fill_data_struct 000000018002e4d0 f   sfc_debug:sfdb_symbol_scope.obj
 0001:0002d820       sf_debug_ss_reset_data_info 000000018002e820 f   sfc_debug:sfdb_symbol_scope.obj
 0001:0002d880       sf_debug_fill_data_info_by_symbol_scope_entry 000000018002e880 f   sfc_debug:sfdb_symbol_scope.obj
 0001:0002d940       sf_debug_fill_data_info_by_data_vector 000000018002e940 f   sfc_debug:sfdb_symbol_scope.obj
 0001:0002db90       sf_debug_ss_get_data_info  000000018002eb90 f   sfc_debug:sfdb_symbol_scope.obj
 0001:0002de80       sf_debug_select_mex_function 000000018002ee80 f   sfc_debug:sfdb_symbol_scope.obj
 0001:0002deb0       sf_debug_is_dyn_matrix_initialized 000000018002eeb0 f   sfc_debug:sfdb_symbol_scope.obj
 0001:0002ded0       sf_debug_ss_set_data_value_try 000000018002eed0 f   sfc_debug:sfdb_symbol_scope.obj
 0001:0002e0a0       sf_debug_ss_get_data_value 000000018002f0a0 f   sfc_debug:sfdb_symbol_scope.obj
 0001:0002e5f0       sf_debug_ss_data_bytes_string 000000018002f5f0 f   sfc_debug:sfdb_symbol_scope.obj
 0001:0002e6a0       sf_debug_ss_data_class_string 000000018002f6a0 f   sfc_debug:sfdb_symbol_scope.obj
 0001:0002ea30       sf_debug_ss_data_size_string 000000018002fa30 f   sfc_debug:sfdb_symbol_scope.obj
 0001:0002eb10       sf_debug_ss_data_create_data_info_struct 000000018002fb10 f   sfc_debug:sfdb_symbol_scope.obj
 0001:0002ede0       sf_debug_ss_data_create_name_value_pair 000000018002fde0 f   sfc_debug:sfdb_symbol_scope.obj
 0001:0002ee80       sf_debug_ss_data_get_whos_info 000000018002fe80 f   sfc_debug:sfdb_symbol_scope.obj
 0001:0002ee90       same_named_data_in_data_array 000000018002fe90 f   sfc_debug:sfdb_symbol_scope.obj
 0001:00030700       sf_debug_cc_terminate_chart 0000000180031700 f   sfc_debug:sfdb_coverage.obj
 0001:00030aa0       sf_debug_cc_terminate_instance 0000000180031aa0 f   sfc_debug:sfdb_coverage.obj
 0001:00031690       sf_debug_cc_mark_object_if_needed 0000000180032690 f   sfc_debug:sfdb_coverage.obj
 0001:00031a50       sf_debug_cc_fill_transition_coverage_data 0000000180032a50 f   sfc_debug:sfdb_coverage.obj
 0001:00031be0       sf_debug_cc_fill_transition_coverage_map 0000000180032be0 f   sfc_debug:sfdb_coverage.obj
 0001:00031e90       sf_debug_cc_fill_state_coverage_map 0000000180032e90 f   sfc_debug:sfdb_coverage.obj
 0001:000320e0       sf_debug_cc_fill_state_coverage_data 00000001800330e0 f   sfc_debug:sfdb_coverage.obj
 0001:00032d20       sf_debug_bm_initialize_eml 0000000180033d20 f   sfc_debug:sfdb_breakpoints.obj
 0001:00033e90       sf_debug_bm_map_debug_tag_to_breakpoint_tag 0000000180034e90 f   sfc_debug:sfdb_breakpoints.obj
 0001:00033f70       sf_debug_bm_is_a_eml_breakpoint_impl 0000000180034f70 f   sfc_debug:sfdb_breakpoints.obj
 0001:000359f0       sf_debug_sc_push_on_error_stack 00000001800369f0 f   sfc_debug:sfdb_state_consistency.obj
 0001:00035b20       sf_debug_sc_reset_error_stack 0000000180036b20 f   sfc_debug:sfdb_state_consistency.obj
 0001:00035cb0       sf_debug_sc_is_state_inconsistent 0000000180036cb0 f   sfc_debug:sfdb_state_consistency.obj
 0001:00035fb0       sf_debug_sc_fill_consistency_info 0000000180036fb0 f   sfc_debug:sfdb_state_consistency.obj
 0001:00036590       void_assertion_fcn         0000000180037590 f   sfc_debug:sfdb_call_stack.obj
 0001:00036b10       sf_debug_tm_fill_local_trace 0000000180037b10 f   sfc_debug:sfdb_call_stack.obj
 0001:000370e0       sf_debug_cd_terminate_instance 00000001800380e0 f   sfc_debug:sfdb_cycle_detection.obj
 0001:00037140       sf_debug_cd_free_checksum_stack 0000000180038140 f   sfc_debug:sfdb_cycle_detection.obj
 0001:00037190       sf_debug_cd_reset_pack_strings 0000000180038190 f   sfc_debug:sfdb_cycle_detection.obj
 0001:00037850       md5file_clear              0000000180038850 f   sfc_debug:ckmd5.obj
 0001:00037880       Encode                     0000000180038880 f   sfc_debug:ckmd5.obj
 0001:000378d0       Decode                     00000001800388d0 f   sfc_debug:ckmd5.obj
 0001:00037970       MD5Transform               0000000180038970 f   sfc_debug:ckmd5.obj
 0001:000381c0       md5file_addn               00000001800391c0 f   sfc_debug:ckmd5.obj
 0001:00038290       md5file_hash               0000000180039290 f   sfc_debug:ckmd5.obj
 0001:00038738       pre_c_init                 0000000180039738 f   MSVCRT:crtdll.obj
 0001:000389f4       __DllMainCRTStartup        00000001800399f4 f   MSVCRT:crtdll.obj
 0001:00039100       __DllMainCRTStartup$filt$0 000000018003a100 f   MSVCRT:crtdll.obj
 0001:00039130       __DllMainCRTStartup$fin$1  000000018003a130 f   MSVCRT:crtdll.obj
 0001:0003914a       _onexit$fin$0              000000018003a14a f   MSVCRT:atonexit.obj
 0001:00039170       _IsNonwritableInCurrentImage$filt$0 000000018003a170 f   MSVCRT:pesect.obj
